Reading graph from ./tests/data/benchmark/10_0.4.col...
...done.
Solution time: 0.152346611023
Objective value: 3.0
Adding 6 violated clique cuts.
Solution time: 0.0665264129639
Objective value: 4.0
No more cuts to add.
Number of colors used: 4.0
Value of variable x0,0: 0.000000
Value of variable x0,2: 1.000000
Value of variable x0,5: 1.000000
Value of variable x1,1: 1.000000
Value of variable x1,4: 1.000000
Value of variable x1,5: 0.000000
Value of variable x1,7: 1.000000
Value of variable x1,8: 1.000000
Value of variable x2,0: 0.000000
Value of variable x2,2: 1.000000
Value of variable x2,3: 1.000000
Value of variable x2,4: 0.000000
Value of variable x2,5: 0.000000
Value of variable x2,6: 0.000000
Value of variable x2,7: 0.000000
Value of variable x2,9: 0.000000
Value of variable x3,2: 0.000000
Value of variable x3,3: 0.000000
Value of variable x3,5: 0.000000
Value of variable x3,7: 0.000000
Value of variable x3,8: 0.000000
Value of variable x4,1: 0.000000
Value of variable x4,2: 0.000000
Value of variable x4,4: 0.000000
Value of variable x4,6: 0.000000
Value of variable x4,7: 0.000000
Value of variable x4,8: 0.000000
Value of variable x5,0: 1.000000
Value of variable x5,1: 0.000000
Value of variable x5,2: 0.000000
Value of variable x5,3: 0.000000
Value of variable x5,5: 1.000000
Value of variable x5,8: 0.000000
Value of variable x5,9: 0.000000
Value of variable x6,2: 0.000000
Value of variable x6,4: 0.000000
Value of variable x6,6: 0.000000
Value of variable x6,8: 0.000000
Value of variable x6,9: 0.000000
Value of variable x7,1: 0.000000
Value of variable x7,2: 0.000000
Value of variable x7,3: 0.000000
Value of variable x7,4: 0.000000
Value of variable x7,7: 0.000000
Value of variable x7,8: 0.000000
Value of variable x8,1: 0.000000
Value of variable x8,3: 0.000000
Value of variable x8,4: 0.000000
Value of variable x8,5: 0.000000
Value of variable x8,6: 0.000000
Value of variable x8,7: 0.000000
Value of variable x8,8: 0.000000
Value of variable x9,2: 1.000000
Value of variable x9,5: 0.000000
Value of variable x9,6: 1.000000
Value of variable x9,9: 1.000000
