Reading graph from ./tests/data/benchmark/20_0.8.col...
...done.
Solution time: 13.7187671661
Objective value: 2.0
Solving from beginning with additional 240 clique cuts.
Solution time: 133.642492294
Objective value: 2.1686746988
Solving from beginning with additional 2400 clique cuts.
Solution time: 162.465257645
Objective value: 9.0
No more cuts to add.
Number of colors used: 9.0
Value of variable w0: 1.000000
Value of variable w1: 0.421053
Value of variable w10: 0.421053
Value of variable w11: 0.421053
Value of variable w12: 0.421053
Value of variable w13: 0.421053
Value of variable w14: 0.421053
Value of variable w15: 0.421053
Value of variable w16: 0.421053
Value of variable w17: 0.421053
Value of variable w18: 0.421053
Value of variable w19: 0.421053
Value of variable w2: 0.421053
Value of variable w3: 0.421053
Value of variable w4: 0.421053
Value of variable w5: 0.421053
Value of variable w6: 0.421053
Value of variable w7: 0.421053
Value of variable w8: 0.421053
Value of variable w9: 0.421053
Value of variable x0,0: 0.000000
Value of variable x0,1: 0.000000
Value of variable x0,10: 0.421053
Value of variable x0,11: 0.052632
Value of variable x0,12: 0.000000
Value of variable x0,13: 0.000000
Value of variable x0,14: 0.000000
Value of variable x0,15: 0.000000
Value of variable x0,16: 0.000000
Value of variable x0,17: 0.000000
Value of variable x0,18: 0.421053
Value of variable x0,19: 0.105263
Value of variable x0,2: 0.000000
Value of variable x0,3: 0.000000
Value of variable x0,4: 0.000000
Value of variable x0,5: 0.000000
Value of variable x0,6: 0.000000
Value of variable x0,7: 0.000000
Value of variable x0,8: 0.000000
Value of variable x0,9: 0.000000
Value of variable x1,0: 0.000000
Value of variable x1,1: 0.000000
Value of variable x1,10: 0.000000
Value of variable x1,11: 0.184211
Value of variable x1,12: 0.131579
Value of variable x1,13: 0.000000
Value of variable x1,14: 0.000000
Value of variable x1,15: 0.210526
Value of variable x1,16: 0.105263
Value of variable x1,17: 0.026316
Value of variable x1,18: 0.000000
Value of variable x1,19: 0.000000
Value of variable x1,2: 0.000000
Value of variable x1,3: 0.000000
Value of variable x1,4: 0.000000
Value of variable x1,5: 0.000000
Value of variable x1,6: 0.000000
Value of variable x1,7: 0.000000
Value of variable x1,8: 0.210526
Value of variable x1,9: 0.131579
Value of variable x10,0: 0.000000
Value of variable x10,1: 0.421053
Value of variable x10,10: 0.000000
Value of variable x10,11: 0.000000
Value of variable x10,12: 0.000000
Value of variable x10,13: 0.000000
Value of variable x10,14: 0.000000
Value of variable x10,15: 0.000000
Value of variable x10,16: 0.000000
Value of variable x10,17: 0.000000
Value of variable x10,18: 0.000000
Value of variable x10,19: 0.000000
Value of variable x10,2: 0.000000
Value of variable x10,3: 0.000000
Value of variable x10,4: 0.000000
Value of variable x10,5: 0.000000
Value of variable x10,6: 0.421053
Value of variable x10,7: 0.000000
Value of variable x10,8: 0.000000
Value of variable x10,9: 0.157895
Value of variable x11,0: 0.157895
Value of variable x11,1: 0.000000
Value of variable x11,10: 0.000000
Value of variable x11,11: 0.000000
Value of variable x11,12: 0.000000
Value of variable x11,13: 0.421053
Value of variable x11,14: 0.000000
Value of variable x11,15: 0.000000
Value of variable x11,16: 0.000000
Value of variable x11,17: 0.000000
Value of variable x11,18: 0.000000
Value of variable x11,19: 0.000000
Value of variable x11,2: 0.000000
Value of variable x11,3: 0.000000
Value of variable x11,4: 0.421053
Value of variable x11,5: 0.000000
Value of variable x11,6: 0.000000
Value of variable x11,7: 0.000000
Value of variable x11,8: 0.000000
Value of variable x11,9: 0.000000
Value of variable x12,0: 0.000000
Value of variable x12,1: 0.000000
Value of variable x12,10: 0.000000
Value of variable x12,11: 0.184211
Value of variable x12,12: 0.131579
Value of variable x12,13: 0.000000
Value of variable x12,14: 0.000000
Value of variable x12,15: 0.210526
Value of variable x12,16: 0.105263
Value of variable x12,17: 0.026316
Value of variable x12,18: 0.000000
Value of variable x12,19: 0.000000
Value of variable x12,2: 0.000000
Value of variable x12,3: 0.000000
Value of variable x12,4: 0.000000
Value of variable x12,5: 0.000000
Value of variable x12,6: 0.000000
Value of variable x12,7: 0.000000
Value of variable x12,8: 0.210526
Value of variable x12,9: 0.131579
Value of variable x13,0: 0.000000
Value of variable x13,1: 0.000000
Value of variable x13,10: 0.000000
Value of variable x13,11: 0.000000
Value of variable x13,12: 0.000000
Value of variable x13,13: 0.000000
Value of variable x13,14: 0.000000
Value of variable x13,15: 0.000000
Value of variable x13,16: 0.000000
Value of variable x13,17: 0.000000
Value of variable x13,18: 0.000000
Value of variable x13,19: 0.157895
Value of variable x13,2: 0.000000
Value of variable x13,3: 0.421053
Value of variable x13,4: 0.000000
Value of variable x13,5: 0.000000
Value of variable x13,6: 0.000000
Value of variable x13,7: 0.421053
Value of variable x13,8: 0.000000
Value of variable x13,9: 0.000000
Value of variable x14,0: 0.000000
Value of variable x14,1: 0.000000
Value of variable x14,10: 0.000000
Value of variable x14,11: 0.184211
Value of variable x14,12: 0.131579
Value of variable x14,13: 0.000000
Value of variable x14,14: 0.000000
Value of variable x14,15: 0.210526
Value of variable x14,16: 0.105263
Value of variable x14,17: 0.026316
Value of variable x14,18: 0.000000
Value of variable x14,19: 0.000000
Value of variable x14,2: 0.000000
Value of variable x14,3: 0.000000
Value of variable x14,4: 0.000000
Value of variable x14,5: 0.000000
Value of variable x14,6: 0.000000
Value of variable x14,7: 0.000000
Value of variable x14,8: 0.210526
Value of variable x14,9: 0.131579
Value of variable x15,0: 0.000000
Value of variable x15,1: 0.000000
Value of variable x15,10: 0.000000
Value of variable x15,11: 0.184211
Value of variable x15,12: 0.131579
Value of variable x15,13: 0.000000
Value of variable x15,14: 0.000000
Value of variable x15,15: 0.210526
Value of variable x15,16: 0.105263
Value of variable x15,17: 0.026316
Value of variable x15,18: 0.000000
Value of variable x15,19: 0.000000
Value of variable x15,2: 0.000000
Value of variable x15,3: 0.000000
Value of variable x15,4: 0.000000
Value of variable x15,5: 0.000000
Value of variable x15,6: 0.000000
Value of variable x15,7: 0.000000
Value of variable x15,8: 0.210526
Value of variable x15,9: 0.131579
Value of variable x16,0: 0.000000
Value of variable x16,1: 0.000000
Value of variable x16,10: 0.000000
Value of variable x16,11: 0.184211
Value of variable x16,12: 0.131579
Value of variable x16,13: 0.000000
Value of variable x16,14: 0.000000
Value of variable x16,15: 0.210526
Value of variable x16,16: 0.105263
Value of variable x16,17: 0.026316
Value of variable x16,18: 0.000000
Value of variable x16,19: 0.000000
Value of variable x16,2: 0.000000
Value of variable x16,3: 0.000000
Value of variable x16,4: 0.000000
Value of variable x16,5: 0.000000
Value of variable x16,6: 0.000000
Value of variable x16,7: 0.000000
Value of variable x16,8: 0.210526
Value of variable x16,9: 0.131579
Value of variable x17,0: 0.000000
Value of variable x17,1: 0.000000
Value of variable x17,10: 0.000000
Value of variable x17,11: 0.000000
Value of variable x17,12: 0.157895
Value of variable x17,13: 0.000000
Value of variable x17,14: 0.000000
Value of variable x17,15: 0.000000
Value of variable x17,16: 0.000000
Value of variable x17,17: 0.000000
Value of variable x17,18: 0.000000
Value of variable x17,19: 0.000000
Value of variable x17,2: 0.421053
Value of variable x17,3: 0.000000
Value of variable x17,4: 0.000000
Value of variable x17,5: 0.421053
Value of variable x17,6: 0.000000
Value of variable x17,7: 0.000000
Value of variable x17,8: 0.000000
Value of variable x17,9: 0.000000
Value of variable x18,0: 0.000000
Value of variable x18,1: 0.421053
Value of variable x18,10: 0.000000
Value of variable x18,11: 0.000000
Value of variable x18,12: 0.000000
Value of variable x18,13: 0.000000
Value of variable x18,14: 0.000000
Value of variable x18,15: 0.000000
Value of variable x18,16: 0.000000
Value of variable x18,17: 0.000000
Value of variable x18,18: 0.000000
Value of variable x18,19: 0.000000
Value of variable x18,2: 0.000000
Value of variable x18,3: 0.000000
Value of variable x18,4: 0.000000
Value of variable x18,5: 0.000000
Value of variable x18,6: 0.421053
Value of variable x18,7: 0.000000
Value of variable x18,8: 0.000000
Value of variable x18,9: 0.157895
Value of variable x19,0: 0.157895
Value of variable x19,1: 0.000000
Value of variable x19,10: 0.000000
Value of variable x19,11: 0.052632
Value of variable x19,12: 0.000000
Value of variable x19,13: 0.000000
Value of variable x19,14: 0.421053
Value of variable x19,15: 0.000000
Value of variable x19,16: 0.000000
Value of variable x19,17: 0.368421
Value of variable x19,18: 0.000000
Value of variable x19,19: 0.000000
Value of variable x19,2: 0.000000
Value of variable x19,3: 0.000000
Value of variable x19,4: 0.000000
Value of variable x19,5: 0.000000
Value of variable x19,6: 0.000000
Value of variable x19,7: 0.000000
Value of variable x19,8: 0.000000
Value of variable x19,9: 0.000000
Value of variable x2,0: 0.842105
Value of variable x2,1: 0.000000
Value of variable x2,10: 0.000000
Value of variable x2,11: 0.000000
Value of variable x2,12: 0.000000
Value of variable x2,13: 0.000000
Value of variable x2,14: 0.000000
Value of variable x2,15: 0.000000
Value of variable x2,16: 0.000000
Value of variable x2,17: 0.000000
Value of variable x2,18: 0.000000
Value of variable x2,19: 0.157895
Value of variable x2,2: 0.000000
Value of variable x2,3: 0.000000
Value of variable x2,4: 0.000000
Value of variable x2,5: 0.000000
Value of variable x2,6: 0.000000
Value of variable x2,7: 0.000000
Value of variable x2,8: 0.000000
Value of variable x2,9: 0.000000
Value of variable x3,0: 0.000000
Value of variable x3,1: 0.000000
Value of variable x3,10: 0.000000
Value of variable x3,11: 0.000000
Value of variable x3,12: 0.157895
Value of variable x3,13: 0.000000
Value of variable x3,14: 0.000000
Value of variable x3,15: 0.000000
Value of variable x3,16: 0.000000
Value of variable x3,17: 0.000000
Value of variable x3,18: 0.000000
Value of variable x3,19: 0.000000
Value of variable x3,2: 0.421053
Value of variable x3,3: 0.000000
Value of variable x3,4: 0.000000
Value of variable x3,5: 0.421053
Value of variable x3,6: 0.000000
Value of variable x3,7: 0.000000
Value of variable x3,8: 0.000000
Value of variable x3,9: 0.000000
Value of variable x4,0: 0.000000
Value of variable x4,1: 0.000000
Value of variable x4,10: 0.000000
Value of variable x4,11: 0.000000
Value of variable x4,12: 0.000000
Value of variable x4,13: 0.000000
Value of variable x4,14: 0.000000
Value of variable x4,15: 0.000000
Value of variable x4,16: 0.000000
Value of variable x4,17: 0.000000
Value of variable x4,18: 0.000000
Value of variable x4,19: 0.157895
Value of variable x4,2: 0.000000
Value of variable x4,3: 0.421053
Value of variable x4,4: 0.000000
Value of variable x4,5: 0.000000
Value of variable x4,6: 0.000000
Value of variable x4,7: 0.421053
Value of variable x4,8: 0.000000
Value of variable x4,9: 0.000000
Value of variable x5,0: 0.842105
Value of variable x5,1: 0.000000
Value of variable x5,10: 0.000000
Value of variable x5,11: 0.000000
Value of variable x5,12: 0.000000
Value of variable x5,13: 0.000000
Value of variable x5,14: 0.000000
Value of variable x5,15: 0.000000
Value of variable x5,16: 0.000000
Value of variable x5,17: 0.000000
Value of variable x5,18: 0.000000
Value of variable x5,19: 0.157895
Value of variable x5,2: 0.000000
Value of variable x5,3: 0.000000
Value of variable x5,4: 0.000000
Value of variable x5,5: 0.000000
Value of variable x5,6: 0.000000
Value of variable x5,7: 0.000000
Value of variable x5,8: 0.000000
Value of variable x5,9: 0.000000
Value of variable x6,0: 0.000000
Value of variable x6,1: 0.000000
Value of variable x6,10: 0.421053
Value of variable x6,11: 0.052632
Value of variable x6,12: 0.000000
Value of variable x6,13: 0.000000
Value of variable x6,14: 0.000000
Value of variable x6,15: 0.000000
Value of variable x6,16: 0.000000
Value of variable x6,17: 0.000000
Value of variable x6,18: 0.421053
Value of variable x6,19: 0.105263
Value of variable x6,2: 0.000000
Value of variable x6,3: 0.000000
Value of variable x6,4: 0.000000
Value of variable x6,5: 0.000000
Value of variable x6,6: 0.000000
Value of variable x6,7: 0.000000
Value of variable x6,8: 0.000000
Value of variable x6,9: 0.000000
Value of variable x7,0: 0.000000
Value of variable x7,1: 0.000000
Value of variable x7,10: 0.000000
Value of variable x7,11: 0.000000
Value of variable x7,12: 0.000000
Value of variable x7,13: 0.000000
Value of variable x7,14: 0.421053
Value of variable x7,15: 0.000000
Value of variable x7,16: 0.210526
Value of variable x7,17: 0.368421
Value of variable x7,18: 0.000000
Value of variable x7,19: 0.000000
Value of variable x7,2: 0.000000
Value of variable x7,3: 0.000000
Value of variable x7,4: 0.000000
Value of variable x7,5: 0.000000
Value of variable x7,6: 0.000000
Value of variable x7,7: 0.000000
Value of variable x7,8: 0.000000
Value of variable x7,9: 0.000000
Value of variable x8,0: 0.157895
Value of variable x8,1: 0.000000
Value of variable x8,10: 0.000000
Value of variable x8,11: 0.000000
Value of variable x8,12: 0.000000
Value of variable x8,13: 0.421053
Value of variable x8,14: 0.000000
Value of variable x8,15: 0.000000
Value of variable x8,16: 0.000000
Value of variable x8,17: 0.000000
Value of variable x8,18: 0.000000
Value of variable x8,19: 0.000000
Value of variable x8,2: 0.000000
Value of variable x8,3: 0.000000
Value of variable x8,4: 0.421053
Value of variable x8,5: 0.000000
Value of variable x8,6: 0.000000
Value of variable x8,7: 0.000000
Value of variable x8,8: 0.000000
Value of variable x8,9: 0.000000
Value of variable x9,0: 0.000000
Value of variable x9,1: 0.421053
Value of variable x9,10: 0.000000
Value of variable x9,11: 0.000000
Value of variable x9,12: 0.000000
Value of variable x9,13: 0.000000
Value of variable x9,14: 0.000000
Value of variable x9,15: 0.000000
Value of variable x9,16: 0.000000
Value of variable x9,17: 0.000000
Value of variable x9,18: 0.000000
Value of variable x9,19: 0.000000
Value of variable x9,2: 0.000000
Value of variable x9,3: 0.000000
Value of variable x9,4: 0.000000
Value of variable x9,5: 0.000000
Value of variable x9,6: 0.421053
Value of variable x9,7: 0.000000
Value of variable x9,8: 0.000000
Value of variable x9,9: 0.157895
