Reading graph from ./tests/data/benchmark/20_0.4.col...
...done.
Solution time: 6.47343730927
Objective value: 3.14285714286
Adding 75 violated clique cuts.
Solution time: 3.64476299286
Objective value: 4.0
Adding 24 violated clique cuts.
Solution time: 3.38960075378
Objective value: 4.5
Adding 8 violated clique cuts.
Solution time: 0.526129722595
Objective value: 5.0
No more cuts to add.
Number of colors used: 5.0
Value of variable x0,0: 0.000000
Value of variable x0,1: 0.000000
Value of variable x0,11: 0.000000
Value of variable x0,12: 0.000000
Value of variable x0,15: 0.000000
Value of variable x0,16: 0.000000
Value of variable x0,17: 0.000000
Value of variable x0,19: 0.000000
Value of variable x0,2: 0.000000
Value of variable x0,3: 0.000000
Value of variable x0,5: 0.000000
Value of variable x0,6: 0.000000
Value of variable x0,7: 0.000000
Value of variable x0,8: 0.000000
Value of variable x1,0: 0.000000
Value of variable x1,1: 1.000000
Value of variable x1,10: 0.000000
Value of variable x1,11: 0.000000
Value of variable x1,12: 0.000000
Value of variable x1,13: 0.000000
Value of variable x1,14: 0.000000
Value of variable x1,16: 0.000000
Value of variable x1,18: 0.000000
Value of variable x1,19: 0.000000
Value of variable x1,2: 0.000000
Value of variable x1,3: 0.000000
Value of variable x1,4: 1.000000
Value of variable x1,5: 0.000000
Value of variable x1,7: 1.000000
Value of variable x1,8: 1.000000
Value of variable x1,9: 0.000000
Value of variable x10,1: 0.000000
Value of variable x10,10: 0.000000
Value of variable x10,11: 0.000000
Value of variable x10,12: 0.000000
Value of variable x10,13: 0.000000
Value of variable x10,14: 0.000000
Value of variable x10,15: 0.000000
Value of variable x10,16: 0.000000
Value of variable x10,2: 0.000000
Value of variable x10,6: 0.000000
Value of variable x10,7: 0.000000
Value of variable x10,8: 0.000000
Value of variable x10,9: 0.000000
Value of variable x11,0: 0.000000
Value of variable x11,1: 0.000000
Value of variable x11,10: 0.000000
Value of variable x11,11: 0.000000
Value of variable x11,12: 0.000000
Value of variable x11,13: 0.000000
Value of variable x11,15: 0.000000
Value of variable x11,19: 0.000000
Value of variable x11,2: 0.000000
Value of variable x11,4: 0.000000
Value of variable x11,5: 0.000000
Value of variable x11,9: 0.000000
Value of variable x12,0: 0.000000
Value of variable x12,1: 0.000000
Value of variable x12,10: 0.000000
Value of variable x12,11: 0.000000
Value of variable x12,12: 0.000000
Value of variable x12,13: 0.000000
Value of variable x12,15: 0.000000
Value of variable x12,19: 0.000000
Value of variable x12,2: 0.000000
Value of variable x12,5: 0.000000
Value of variable x12,7: 0.000000
Value of variable x12,9: 0.000000
Value of variable x13,1: 0.000000
Value of variable x13,10: 0.000000
Value of variable x13,11: 0.000000
Value of variable x13,12: 0.000000
Value of variable x13,13: 0.000000
Value of variable x13,15: 0.000000
Value of variable x13,17: 0.000000
Value of variable x13,19: 0.000000
Value of variable x13,3: 0.000000
Value of variable x13,5: 0.000000
Value of variable x13,6: 0.000000
Value of variable x13,9: 0.000000
Value of variable x14,1: 0.000000
Value of variable x14,10: 0.000000
Value of variable x14,14: 0.000000
Value of variable x14,16: 0.000000
Value of variable x14,19: 0.000000
Value of variable x14,2: 0.000000
Value of variable x14,4: 0.000000
Value of variable x14,6: 0.000000
Value of variable x14,7: 0.000000
Value of variable x14,9: 0.000000
Value of variable x15,0: 0.000000
Value of variable x15,10: 0.000000
Value of variable x15,11: 0.000000
Value of variable x15,12: 0.000000
Value of variable x15,13: 0.000000
Value of variable x15,15: 0.000000
Value of variable x15,17: 0.000000
Value of variable x15,18: 0.000000
Value of variable x15,19: 0.000000
Value of variable x15,2: 0.000000
Value of variable x15,3: 0.000000
Value of variable x15,5: 0.000000
Value of variable x15,6: 0.000000
Value of variable x15,7: 0.000000
Value of variable x15,9: 0.000000
Value of variable x16,0: 0.000000
Value of variable x16,1: 0.000000
Value of variable x16,10: 0.000000
Value of variable x16,14: 0.000000
Value of variable x16,16: 0.000000
Value of variable x16,17: 0.000000
Value of variable x16,18: 0.000000
Value of variable x16,2: 0.000000
Value of variable x16,6: 0.000000
Value of variable x16,8: 0.000000
Value of variable x17,0: 1.000000
Value of variable x17,13: 0.000000
Value of variable x17,15: 0.000000
Value of variable x17,16: 1.000000
Value of variable x17,17: 1.000000
Value of variable x17,3: 0.000000
Value of variable x17,6: 1.000000
Value of variable x18,1: 0.000000
Value of variable x18,15: 0.000000
Value of variable x18,16: 0.000000
Value of variable x18,18: 0.000000
Value of variable x18,19: 0.000000
Value of variable x18,2: 1.000000
Value of variable x18,3: 0.000000
Value of variable x18,7: 0.000000
Value of variable x18,9: 0.000000
Value of variable x19,0: 0.000000
Value of variable x19,1: 0.000000
Value of variable x19,11: 0.000000
Value of variable x19,12: 0.000000
Value of variable x19,13: 0.000000
Value of variable x19,14: 0.000000
Value of variable x19,15: 0.000000
Value of variable x19,18: 0.000000
Value of variable x19,19: 0.000000
Value of variable x19,2: 0.000000
Value of variable x19,3: 0.000000
Value of variable x19,5: 0.000000
Value of variable x19,6: 0.000000
Value of variable x19,7: 0.000000
Value of variable x19,8: 0.000000
Value of variable x19,9: 0.000000
Value of variable x2,0: 0.000000
Value of variable x2,1: 0.000000
Value of variable x2,10: 0.000000
Value of variable x2,11: 0.000000
Value of variable x2,12: 0.000000
Value of variable x2,14: 0.000000
Value of variable x2,15: 0.000000
Value of variable x2,16: 0.000000
Value of variable x2,18: 0.000000
Value of variable x2,19: 0.000000
Value of variable x2,2: 0.000000
Value of variable x2,3: 0.000000
Value of variable x2,5: 0.000000
Value of variable x2,6: 0.000000
Value of variable x2,7: 0.000000
Value of variable x2,9: 0.000000
Value of variable x3,0: 0.000000
Value of variable x3,1: 0.000000
Value of variable x3,13: 0.000000
Value of variable x3,15: 1.000000
Value of variable x3,17: 0.000000
Value of variable x3,18: 1.000000
Value of variable x3,19: 1.000000
Value of variable x3,2: 0.000000
Value of variable x3,3: 1.000000
Value of variable x3,5: 0.000000
Value of variable x3,7: 0.000000
Value of variable x3,9: 1.000000
Value of variable x4,1: 0.000000
Value of variable x4,11: 0.000000
Value of variable x4,14: 0.000000
Value of variable x4,4: 0.000000
Value of variable x4,6: 0.000000
Value of variable x4,7: 0.000000
Value of variable x4,8: 0.000000
Value of variable x5,0: 0.000000
Value of variable x5,1: 0.000000
Value of variable x5,11: 0.000000
Value of variable x5,12: 0.000000
Value of variable x5,13: 0.000000
Value of variable x5,15: 0.000000
Value of variable x5,19: 1.000000
Value of variable x5,2: 0.000000
Value of variable x5,3: 0.000000
Value of variable x5,5: 0.000000
Value of variable x5,6: 0.000000
Value of variable x5,7: 0.000000
Value of variable x5,9: 0.000000
Value of variable x6,0: 0.000000
Value of variable x6,10: 0.000000
Value of variable x6,13: 0.000000
Value of variable x6,14: 0.000000
Value of variable x6,15: 0.000000
Value of variable x6,16: 0.000000
Value of variable x6,17: 0.000000
Value of variable x6,19: 0.000000
Value of variable x6,2: 0.000000
Value of variable x6,4: 0.000000
Value of variable x6,5: 0.000000
Value of variable x6,6: 0.000000
Value of variable x6,7: 0.000000
Value of variable x7,0: 0.000000
Value of variable x7,1: 0.000000
Value of variable x7,10: 1.000000
Value of variable x7,12: 0.000000
Value of variable x7,14: 1.000000
Value of variable x7,15: 0.000000
Value of variable x7,18: 0.000000
Value of variable x7,19: 0.000000
Value of variable x7,2: 0.000000
Value of variable x7,3: 0.000000
Value of variable x7,4: 0.000000
Value of variable x7,5: 0.000000
Value of variable x7,6: 1.000000
Value of variable x7,7: 1.000000
Value of variable x7,8: 0.000000
Value of variable x7,9: 0.000000
Value of variable x8,0: 0.000000
Value of variable x8,1: 1.000000
Value of variable x8,10: 0.000000
Value of variable x8,16: 0.000000
Value of variable x8,19: 0.000000
Value of variable x8,4: 0.000000
Value of variable x8,7: 0.000000
Value of variable x8,8: 0.000000
Value of variable x8,9: 0.000000
Value of variable x9,1: 0.000000
Value of variable x9,10: 0.000000
Value of variable x9,11: 1.000000
Value of variable x9,12: 1.000000
Value of variable x9,13: 1.000000
Value of variable x9,14: 0.000000
Value of variable x9,15: 1.000000
Value of variable x9,18: 0.000000
Value of variable x9,19: 1.000000
Value of variable x9,2: 0.000000
Value of variable x9,3: 0.000000
Value of variable x9,5: 1.000000
Value of variable x9,7: 0.000000
Value of variable x9,8: 0.000000
Value of variable x9,9: 1.000000
