Reading graph from ./tests/data/benchmark/20_0.6.col...
...done.
Solution time: 4.76606464386
Objective value: 4.74358974359
Solving from beginning with additional 60 clique cuts.
Solution time: 4.40786552429
Objective value: 5.75
Solving from beginning with additional 76 clique cuts.
Solution time: 5.39995288849
Objective value: 8.0
Solving from beginning with additional 78 clique cuts.
Solution time: 3.89708518982
Objective value: 8.0
No more cuts to add.
Number of colors used: 8.0
Value of variable x0,0: 0.000000
Value of variable x0,16: 0.000000
Value of variable x0,18: 0.000000
Value of variable x0,2: 0.000000
Value of variable x0,3: 0.000000
Value of variable x0,4: 0.000000
Value of variable x1,1: 1.000000
Value of variable x1,14: 0.000000
Value of variable x1,15: 0.000000
Value of variable x1,17: 1.000000
Value of variable x1,18: 0.000000
Value of variable x1,19: 0.000000
Value of variable x1,3: 0.000000
Value of variable x1,4: 0.000000
Value of variable x1,5: 0.000000
Value of variable x1,7: 0.000000
Value of variable x1,8: 1.000000
Value of variable x1,9: 0.000000
Value of variable x10,10: 0.000000
Value of variable x10,14: 0.000000
Value of variable x10,4: 0.000000
Value of variable x10,5: 0.000000
Value of variable x10,6: 0.000000
Value of variable x10,8: 0.000000
Value of variable x10,9: 0.000000
Value of variable x11,11: 0.000000
Value of variable x11,14: 0.000000
Value of variable x11,15: 0.000000
Value of variable x11,16: 0.000000
Value of variable x11,2: 0.000000
Value of variable x11,3: 0.000000
Value of variable x12,12: 1.000000
Value of variable x12,13: 0.000000
Value of variable x12,15: 0.000000
Value of variable x12,18: 0.000000
Value of variable x12,19: 0.000000
Value of variable x12,7: 0.000000
Value of variable x12,9: 1.000000
Value of variable x13,12: 0.000000
Value of variable x13,13: 1.000000
Value of variable x13,14: 0.000000
Value of variable x13,15: 0.000000
Value of variable x13,16: 0.000000
Value of variable x13,18: 0.000000
Value of variable x13,19: 0.000000
Value of variable x13,4: 0.000000
Value of variable x13,5: 1.000000
Value of variable x14,1: 0.000000
Value of variable x14,10: 1.000000
Value of variable x14,11: 0.000000
Value of variable x14,13: 0.000000
Value of variable x14,14: 1.000000
Value of variable x14,17: 0.000000
Value of variable x14,18: 0.000000
Value of variable x14,2: 0.000000
Value of variable x14,4: 0.000000
Value of variable x14,5: 0.000000
Value of variable x14,6: 1.000000
Value of variable x14,7: 0.000000
Value of variable x15,1: 0.000000
Value of variable x15,11: 1.000000
Value of variable x15,12: 0.000000
Value of variable x15,13: 0.000000
Value of variable x15,15: 1.000000
Value of variable x15,17: 0.000000
Value of variable x15,18: 0.000000
Value of variable x16,0: 0.000000
Value of variable x16,11: 0.000000
Value of variable x16,13: 0.000000
Value of variable x16,16: 1.000000
Value of variable x16,2: 0.000000
Value of variable x16,6: 0.000000
Value of variable x16,7: 1.000000
Value of variable x16,8: 0.000000
Value of variable x17,1: 0.000000
Value of variable x17,14: 0.000000
Value of variable x17,15: 0.000000
Value of variable x17,17: 0.000000
Value of variable x17,19: 0.000000
Value of variable x17,2: 0.000000
Value of variable x17,7: 0.000000
Value of variable x17,8: 0.000000
Value of variable x17,9: 0.000000
Value of variable x18,0: 0.000000
Value of variable x18,1: 0.000000
Value of variable x18,12: 0.000000
Value of variable x18,13: 0.000000
Value of variable x18,14: 0.000000
Value of variable x18,15: 0.000000
Value of variable x18,18: 0.000000
Value of variable x18,2: 0.000000
Value of variable x18,3: 0.000000
Value of variable x18,4: 0.000000
Value of variable x18,5: 0.000000
Value of variable x18,8: 0.000000
Value of variable x18,9: 0.000000
Value of variable x19,1: 0.000000
Value of variable x19,12: 0.000000
Value of variable x19,13: 0.000000
Value of variable x19,17: 0.000000
Value of variable x19,19: 0.000000
Value of variable x19,2: 0.000000
Value of variable x19,4: 0.000000
Value of variable x2,0: 0.000000
Value of variable x2,11: 0.000000
Value of variable x2,14: 0.000000
Value of variable x2,16: 0.000000
Value of variable x2,17: 0.000000
Value of variable x2,18: 0.000000
Value of variable x2,19: 0.000000
Value of variable x2,2: 0.000000
Value of variable x2,4: 0.000000
Value of variable x3,0: 1.000000
Value of variable x3,1: 0.000000
Value of variable x3,11: 0.000000
Value of variable x3,18: 1.000000
Value of variable x3,3: 1.000000
Value of variable x3,5: 0.000000
Value of variable x3,6: 0.000000
Value of variable x4,0: 0.000000
Value of variable x4,1: 0.000000
Value of variable x4,10: 0.000000
Value of variable x4,13: 0.000000
Value of variable x4,14: 0.000000
Value of variable x4,18: 0.000000
Value of variable x4,19: 1.000000
Value of variable x4,2: 1.000000
Value of variable x4,4: 1.000000
Value of variable x4,8: 0.000000
Value of variable x5,1: 0.000000
Value of variable x5,10: 0.000000
Value of variable x5,13: 0.000000
Value of variable x5,14: 0.000000
Value of variable x5,18: 0.000000
Value of variable x5,3: 0.000000
Value of variable x5,5: 0.000000
Value of variable x6,10: 0.000000
Value of variable x6,14: 0.000000
Value of variable x6,16: 0.000000
Value of variable x6,3: 0.000000
Value of variable x6,6: 0.000000
Value of variable x7,1: 0.000000
Value of variable x7,12: 0.000000
Value of variable x7,14: 0.000000
Value of variable x7,16: 0.000000
Value of variable x7,17: 0.000000
Value of variable x7,7: 0.000000
Value of variable x8,1: 0.000000
Value of variable x8,10: 0.000000
Value of variable x8,16: 0.000000
Value of variable x8,17: 0.000000
Value of variable x8,18: 0.000000
Value of variable x8,4: 0.000000
Value of variable x8,8: 0.000000
Value of variable x9,1: 0.000000
Value of variable x9,10: 0.000000
Value of variable x9,12: 0.000000
Value of variable x9,17: 0.000000
Value of variable x9,18: 0.000000
Value of variable x9,9: 0.000000
