Reading graph from ./tests/data/benchmark/20_0.8.col...
...done.
Solution time: 0.554646492004
Objective value: 10.0
No more cuts to add.
Number of colors used: 10.0
Value of variable x0,0: -0.000000
Value of variable x0,19: 1.000000
Value of variable x0,6: 1.000000
Value of variable x1,1: 0.000000
Value of variable x1,14: 0.000000
Value of variable x1,15: -0.000000
Value of variable x10,10: 1.000000
Value of variable x10,14: -0.000000
Value of variable x10,18: 1.000000
Value of variable x10,19: 0.000000
Value of variable x10,4: 0.000000
Value of variable x10,6: 0.000000
Value of variable x10,9: 1.000000
Value of variable x11,11: -0.000000
Value of variable x11,19: 1.000000
Value of variable x11,8: 1.000000
Value of variable x12,12: 0.000000
Value of variable x12,14: 0.000000
Value of variable x12,16: 0.000000
Value of variable x12,8: 0.000000
Value of variable x13,13: 1.000000
Value of variable x13,4: 1.000000
Value of variable x14,1: 1.000000
Value of variable x14,10: 0.000000
Value of variable x14,12: -0.000000
Value of variable x14,14: 1.000000
Value of variable x14,19: 0.000000
Value of variable x14,6: 0.000000
Value of variable x15,1: 0.000000
Value of variable x15,15: 0.000000
Value of variable x15,16: -0.000000
Value of variable x15,4: 0.000000
Value of variable x16,12: 1.000000
Value of variable x16,15: 0.000000
Value of variable x16,16: 1.000000
Value of variable x17,17: 0.000000
Value of variable x17,19: 0.000000
Value of variable x17,3: 0.000000
Value of variable x18,10: 1.000000
Value of variable x18,18: -0.000000
Value of variable x18,4: 0.000000
Value of variable x18,9: -0.000000
Value of variable x19,0: 1.000000
Value of variable x19,10: 0.000000
Value of variable x19,11: -0.000000
Value of variable x19,14: -0.000000
Value of variable x19,17: 0.000000
Value of variable x19,19: 1.000000
Value of variable x19,6: 0.000000
Value of variable x19,7: -0.000000
Value of variable x19,8: 0.000000
Value of variable x19,9: -0.000000
Value of variable x2,2: 1.000000
Value of variable x2,5: 1.000000
Value of variable x3,17: 1.000000
Value of variable x3,3: 1.000000
Value of variable x4,10: 0.000000
Value of variable x4,13: -0.000000
Value of variable x4,15: 1.000000
Value of variable x4,18: -0.000000
Value of variable x4,4: 1.000000
Value of variable x5,2: 0.000000
Value of variable x5,5: 0.000000
Value of variable x5,8: 0.000000
Value of variable x6,0: -0.000000
Value of variable x6,10: -0.000000
Value of variable x6,14: -0.000000
Value of variable x6,19: 1.000000
Value of variable x6,6: 0.000000
Value of variable x6,9: 0.000000
Value of variable x7,19: 1.000000
Value of variable x7,7: 1.000000
Value of variable x8,11: 1.000000
Value of variable x8,12: -0.000000
Value of variable x8,19: 0.000000
Value of variable x8,5: 0.000000
Value of variable x8,8: 1.000000
Value of variable x9,10: 1.000000
Value of variable x9,18: 0.000000
Value of variable x9,19: 0.000000
Value of variable x9,6: 0.000000
Value of variable x9,9: 0.000000
