Reading graph from ./tests/data/benchmark/30_0.4.col...
...done.
Solution time: 198.22628212
Objective value: 6.0
No more cuts to add.
Number of colors used: 6.0
Value of variable x0,0: 1.000000
Value of variable x0,1: 1.000000
Value of variable x0,10: 0.000000
Value of variable x0,11: 0.000000
Value of variable x0,13: 1.000000
Value of variable x0,14: 0.000000
Value of variable x0,15: 0.000000
Value of variable x0,16: 0.000000
Value of variable x0,18: 0.000000
Value of variable x0,20: 0.000000
Value of variable x0,22: 0.000000
Value of variable x0,23: 0.000000
Value of variable x0,25: 1.000000
Value of variable x0,28: 0.000000
Value of variable x0,29: 0.000000
Value of variable x0,5: 1.000000
Value of variable x0,6: 1.000000
Value of variable x0,7: 0.000000
Value of variable x1,0: 0.000000
Value of variable x1,1: 0.000000
Value of variable x1,11: 0.000000
Value of variable x1,12: 0.000000
Value of variable x1,13: 0.000000
Value of variable x1,14: 0.000000
Value of variable x1,16: 0.000000
Value of variable x1,18: 0.000000
Value of variable x1,19: 0.000000
Value of variable x1,2: 0.000000
Value of variable x1,20: 0.000000
Value of variable x1,21: 0.000000
Value of variable x1,23: 0.000000
Value of variable x1,24: 0.000000
Value of variable x1,25: 0.000000
Value of variable x1,26: 0.000000
Value of variable x1,29: 0.000000
Value of variable x1,5: 0.000000
Value of variable x1,6: 0.000000
Value of variable x1,7: 0.000000
Value of variable x1,8: 0.000000
Value of variable x1,9: 0.000000
Value of variable x10,0: 0.000000
Value of variable x10,10: 0.000000
Value of variable x10,11: 0.000000
Value of variable x10,12: 0.000000
Value of variable x10,13: 0.000000
Value of variable x10,14: 0.000000
Value of variable x10,15: 0.000000
Value of variable x10,17: 0.000000
Value of variable x10,20: 0.000000
Value of variable x10,21: 0.000000
Value of variable x10,22: 0.000000
Value of variable x10,23: 0.000000
Value of variable x10,24: 0.000000
Value of variable x10,25: 0.000000
Value of variable x10,28: 0.000000
Value of variable x10,3: 0.000000
Value of variable x10,6: 0.000000
Value of variable x11,0: 0.000000
Value of variable x11,1: 0.000000
Value of variable x11,10: 0.000000
Value of variable x11,11: 0.000000
Value of variable x11,12: 0.000000
Value of variable x11,16: 0.000000
Value of variable x11,19: 0.000000
Value of variable x11,2: 0.000000
Value of variable x11,20: 0.000000
Value of variable x11,21: 0.000000
Value of variable x11,22: 0.000000
Value of variable x11,23: 0.000000
Value of variable x11,24: 0.000000
Value of variable x11,26: 0.000000
Value of variable x11,27: 0.000000
Value of variable x11,3: 0.000000
Value of variable x11,4: 0.000000
Value of variable x11,6: 0.000000
Value of variable x11,7: 0.000000
Value of variable x11,8: 0.000000
Value of variable x12,1: 0.000000
Value of variable x12,10: 0.000000
Value of variable x12,11: 0.000000
Value of variable x12,12: 0.000000
Value of variable x12,15: 0.000000
Value of variable x12,2: 0.000000
Value of variable x12,21: 0.000000
Value of variable x12,22: 0.000000
Value of variable x12,23: 0.000000
Value of variable x12,24: 0.000000
Value of variable x12,27: 0.000000
Value of variable x12,29: 0.000000
Value of variable x12,7: 0.000000
Value of variable x12,8: 0.000000
Value of variable x12,9: 0.000000
Value of variable x13,0: 0.000000
Value of variable x13,1: 0.000000
Value of variable x13,10: 0.000000
Value of variable x13,13: 0.000000
Value of variable x13,15: 0.000000
Value of variable x13,16: 0.000000
Value of variable x13,2: 0.000000
Value of variable x13,20: 0.000000
Value of variable x13,21: 0.000000
Value of variable x13,25: 0.000000
Value of variable x13,26: 0.000000
Value of variable x13,27: 0.000000
Value of variable x13,28: 0.000000
Value of variable x13,29: 0.000000
Value of variable x13,3: 0.000000
Value of variable x13,4: 0.000000
Value of variable x13,5: 0.000000
Value of variable x13,6: 0.000000
Value of variable x13,7: 0.000000
Value of variable x13,8: 0.000000
Value of variable x13,9: 0.000000
Value of variable x14,0: 0.000000
Value of variable x14,1: 0.000000
Value of variable x14,10: 0.000000
Value of variable x14,14: 0.000000
Value of variable x14,15: 0.000000
Value of variable x14,17: 0.000000
Value of variable x14,18: 0.000000
Value of variable x14,19: 0.000000
Value of variable x14,20: 0.000000
Value of variable x14,21: 0.000000
Value of variable x14,23: 0.000000
Value of variable x14,26: 0.000000
Value of variable x14,29: 0.000000
Value of variable x14,3: 0.000000
Value of variable x14,4: 0.000000
Value of variable x14,5: 0.000000
Value of variable x14,6: 0.000000
Value of variable x14,7: 0.000000
Value of variable x14,8: 0.000000
Value of variable x15,0: 0.000000
Value of variable x15,10: 0.000000
Value of variable x15,12: 0.000000
Value of variable x15,13: 0.000000
Value of variable x15,14: 0.000000
Value of variable x15,15: 0.000000
Value of variable x15,19: 0.000000
Value of variable x15,22: 0.000000
Value of variable x15,23: 0.000000
Value of variable x15,24: 0.000000
Value of variable x15,25: 0.000000
Value of variable x15,26: 0.000000
Value of variable x15,27: 0.000000
Value of variable x15,28: 0.000000
Value of variable x15,29: 0.000000
Value of variable x15,3: 0.000000
Value of variable x15,6: 0.000000
Value of variable x15,9: 0.000000
Value of variable x16,0: 0.000000
Value of variable x16,1: 0.000000
Value of variable x16,11: 0.000000
Value of variable x16,13: 0.000000
Value of variable x16,16: 0.000000
Value of variable x16,17: 0.000000
Value of variable x16,18: 0.000000
Value of variable x16,20: 0.000000
Value of variable x16,22: 0.000000
Value of variable x16,23: 0.000000
Value of variable x16,27: 0.000000
Value of variable x16,5: 0.000000
Value of variable x16,6: 0.000000
Value of variable x16,7: 0.000000
Value of variable x16,8: 0.000000
Value of variable x16,9: 0.000000
Value of variable x17,10: 0.000000
Value of variable x17,14: 0.000000
Value of variable x17,16: 0.000000
Value of variable x17,17: 0.000000
Value of variable x17,18: 0.000000
Value of variable x17,2: 0.000000
Value of variable x17,21: 0.000000
Value of variable x17,22: 0.000000
Value of variable x17,23: 0.000000
Value of variable x17,26: 0.000000
Value of variable x17,27: 0.000000
Value of variable x17,28: 0.000000
Value of variable x17,6: 0.000000
Value of variable x17,7: 0.000000
Value of variable x17,8: 0.000000
Value of variable x18,0: 0.000000
Value of variable x18,1: 0.000000
Value of variable x18,14: 1.000000
Value of variable x18,16: 0.000000
Value of variable x18,17: 0.000000
Value of variable x18,18: 1.000000
Value of variable x18,19: 0.000000
Value of variable x18,21: 1.000000
Value of variable x18,24: 0.000000
Value of variable x18,25: 0.000000
Value of variable x18,27: 0.000000
Value of variable x18,28: 0.000000
Value of variable x18,3: 0.000000
Value of variable x18,4: 0.000000
Value of variable x18,7: 0.000000
Value of variable x18,9: 0.000000
Value of variable x19,1: 0.000000
Value of variable x19,11: 0.000000
Value of variable x19,14: 0.000000
Value of variable x19,15: 0.000000
Value of variable x19,18: 0.000000
Value of variable x19,19: 0.000000
Value of variable x19,2: 0.000000
Value of variable x19,20: 0.000000
Value of variable x19,21: 0.000000
Value of variable x19,23: 0.000000
Value of variable x19,24: 0.000000
Value of variable x19,25: 0.000000
Value of variable x19,26: 0.000000
Value of variable x19,27: 0.000000
Value of variable x19,28: 0.000000
Value of variable x19,4: 0.000000
Value of variable x19,5: 0.000000
Value of variable x19,6: 0.000000
Value of variable x19,7: 0.000000
Value of variable x19,8: 0.000000
Value of variable x2,1: 0.000000
Value of variable x2,11: 0.000000
Value of variable x2,12: 1.000000
Value of variable x2,13: 0.000000
Value of variable x2,17: 0.000000
Value of variable x2,19: 0.000000
Value of variable x2,2: 1.000000
Value of variable x2,21: 0.000000
Value of variable x2,23: 0.000000
Value of variable x2,24: 1.000000
Value of variable x2,26: 0.000000
Value of variable x2,27: 0.000000
Value of variable x2,28: 0.000000
Value of variable x2,29: 1.000000
Value of variable x2,4: 0.000000
Value of variable x2,5: 0.000000
Value of variable x2,6: 0.000000
Value of variable x2,7: 1.000000
Value of variable x2,8: 0.000000
Value of variable x2,9: 1.000000
Value of variable x20,0: 0.000000
Value of variable x20,1: 0.000000
Value of variable x20,10: 0.000000
Value of variable x20,11: 1.000000
Value of variable x20,13: 0.000000
Value of variable x20,14: 0.000000
Value of variable x20,16: 0.000000
Value of variable x20,19: 1.000000
Value of variable x20,20: 1.000000
Value of variable x20,22: 0.000000
Value of variable x20,23: 0.000000
Value of variable x20,24: 0.000000
Value of variable x20,25: 0.000000
Value of variable x20,26: 1.000000
Value of variable x20,27: 0.000000
Value of variable x20,29: 0.000000
Value of variable x20,4: 1.000000
Value of variable x20,5: 0.000000
Value of variable x20,7: 0.000000
Value of variable x20,8: 0.000000
Value of variable x21,1: 0.000000
Value of variable x21,10: 0.000000
Value of variable x21,11: 0.000000
Value of variable x21,12: 0.000000
Value of variable x21,13: 0.000000
Value of variable x21,14: 0.000000
Value of variable x21,17: 0.000000
Value of variable x21,18: 0.000000
Value of variable x21,19: 0.000000
Value of variable x21,2: 0.000000
Value of variable x21,21: 0.000000
Value of variable x21,22: 0.000000
Value of variable x21,23: 0.000000
Value of variable x21,25: 0.000000
Value of variable x21,26: 0.000000
Value of variable x21,27: 0.000000
Value of variable x21,28: 0.000000
Value of variable x21,29: 0.000000
Value of variable x21,3: 0.000000
Value of variable x21,4: 0.000000
Value of variable x22,0: 0.000000
Value of variable x22,10: 0.000000
Value of variable x22,11: 0.000000
Value of variable x22,12: 0.000000
Value of variable x22,15: 0.000000
Value of variable x22,16: 0.000000
Value of variable x22,17: 0.000000
Value of variable x22,20: 0.000000
Value of variable x22,21: 0.000000
Value of variable x22,22: 0.000000
Value of variable x22,23: 0.000000
Value of variable x22,28: 0.000000
Value of variable x22,29: 0.000000
Value of variable x22,3: 0.000000
Value of variable x22,5: 0.000000
Value of variable x22,7: 0.000000
Value of variable x22,9: 0.000000
Value of variable x23,0: 0.000000
Value of variable x23,1: 0.000000
Value of variable x23,10: 0.000000
Value of variable x23,11: 0.000000
Value of variable x23,12: 0.000000
Value of variable x23,14: 0.000000
Value of variable x23,15: 0.000000
Value of variable x23,16: 0.000000
Value of variable x23,17: 0.000000
Value of variable x23,19: 0.000000
Value of variable x23,2: 0.000000
Value of variable x23,20: 0.000000
Value of variable x23,21: 0.000000
Value of variable x23,22: 0.000000
Value of variable x23,23: 0.000000
Value of variable x23,26: 0.000000
Value of variable x23,28: 0.000000
Value of variable x23,29: 0.000000
Value of variable x23,3: 0.000000
Value of variable x23,5: 0.000000
Value of variable x23,7: 0.000000
Value of variable x24,1: 0.000000
Value of variable x24,10: 0.000000
Value of variable x24,11: 0.000000
Value of variable x24,12: 0.000000
Value of variable x24,15: 0.000000
Value of variable x24,18: 0.000000
Value of variable x24,19: 0.000000
Value of variable x24,2: 0.000000
Value of variable x24,20: 0.000000
Value of variable x24,24: 0.000000
Value of variable x24,25: 0.000000
Value of variable x24,28: 0.000000
Value of variable x24,29: 0.000000
Value of variable x24,3: 0.000000
Value of variable x24,5: 0.000000
Value of variable x24,7: 0.000000
Value of variable x24,8: 0.000000
Value of variable x24,9: 0.000000
Value of variable x25,0: 0.000000
Value of variable x25,1: 0.000000
Value of variable x25,10: 0.000000
Value of variable x25,13: 0.000000
Value of variable x25,15: 0.000000
Value of variable x25,18: 0.000000
Value of variable x25,19: 0.000000
Value of variable x25,20: 0.000000
Value of variable x25,21: 0.000000
Value of variable x25,24: 0.000000
Value of variable x25,25: 0.000000
Value of variable x25,27: 0.000000
Value of variable x25,3: 0.000000
Value of variable x25,4: 0.000000
Value of variable x25,5: 0.000000
Value of variable x25,6: 0.000000
Value of variable x25,7: 0.000000
Value of variable x25,8: 0.000000
Value of variable x26,1: 0.000000
Value of variable x26,11: 0.000000
Value of variable x26,13: 0.000000
Value of variable x26,14: 0.000000
Value of variable x26,15: 0.000000
Value of variable x26,17: 0.000000
Value of variable x26,19: 0.000000
Value of variable x26,2: 0.000000
Value of variable x26,20: 0.000000
Value of variable x26,21: 0.000000
Value of variable x26,23: 0.000000
Value of variable x26,26: 0.000000
Value of variable x26,3: 0.000000
Value of variable x26,4: 0.000000
Value of variable x26,5: 0.000000
Value of variable x26,6: 0.000000
Value of variable x26,7: 0.000000
Value of variable x26,9: 0.000000
Value of variable x27,11: 0.000000
Value of variable x27,12: 0.000000
Value of variable x27,13: 0.000000
Value of variable x27,15: 0.000000
Value of variable x27,16: 0.000000
Value of variable x27,17: 0.000000
Value of variable x27,18: 0.000000
Value of variable x27,19: 0.000000
Value of variable x27,2: 0.000000
Value of variable x27,20: 0.000000
Value of variable x27,21: 0.000000
Value of variable x27,25: 0.000000
Value of variable x27,27: 0.000000
Value of variable x27,28: 0.000000
Value of variable x27,29: 0.000000
Value of variable x27,3: 0.000000
Value of variable x27,5: 0.000000
Value of variable x27,8: 0.000000
Value of variable x27,9: 0.000000
Value of variable x28,0: 0.000000
Value of variable x28,10: 0.000000
Value of variable x28,13: 0.000000
Value of variable x28,15: 0.000000
Value of variable x28,17: 0.000000
Value of variable x28,18: 0.000000
Value of variable x28,19: 0.000000
Value of variable x28,2: 0.000000
Value of variable x28,21: 0.000000
Value of variable x28,22: 0.000000
Value of variable x28,23: 0.000000
Value of variable x28,24: 0.000000
Value of variable x28,27: 0.000000
Value of variable x28,28: 0.000000
Value of variable x28,29: 0.000000
Value of variable x28,3: 0.000000
Value of variable x28,7: 0.000000
Value of variable x28,8: 0.000000
Value of variable x28,9: 0.000000
Value of variable x29,0: 0.000000
Value of variable x29,1: 0.000000
Value of variable x29,12: 0.000000
Value of variable x29,13: 0.000000
Value of variable x29,14: 0.000000
Value of variable x29,15: 0.000000
Value of variable x29,2: 0.000000
Value of variable x29,20: 0.000000
Value of variable x29,21: 0.000000
Value of variable x29,22: 0.000000
Value of variable x29,23: 0.000000
Value of variable x29,24: 0.000000
Value of variable x29,27: 0.000000
Value of variable x29,28: 0.000000
Value of variable x29,29: 0.000000
Value of variable x29,3: 0.000000
Value of variable x29,4: 0.000000
Value of variable x29,5: 0.000000
Value of variable x29,7: 0.000000
Value of variable x29,8: 0.000000
Value of variable x29,9: 0.000000
Value of variable x3,10: 1.000000
Value of variable x3,11: 0.000000
Value of variable x3,13: 0.000000
Value of variable x3,14: 0.000000
Value of variable x3,15: 1.000000
Value of variable x3,18: 0.000000
Value of variable x3,21: 0.000000
Value of variable x3,22: 1.000000
Value of variable x3,23: 1.000000
Value of variable x3,24: 0.000000
Value of variable x3,25: 0.000000
Value of variable x3,26: 0.000000
Value of variable x3,27: 0.000000
Value of variable x3,28: 1.000000
Value of variable x3,29: 0.000000
Value of variable x3,3: 1.000000
Value of variable x4,11: 0.000000
Value of variable x4,13: 0.000000
Value of variable x4,14: 0.000000
Value of variable x4,18: 0.000000
Value of variable x4,19: 0.000000
Value of variable x4,2: 0.000000
Value of variable x4,20: 0.000000
Value of variable x4,21: 0.000000
Value of variable x4,25: 0.000000
Value of variable x4,26: 0.000000
Value of variable x4,29: 0.000000
Value of variable x4,4: 0.000000
Value of variable x4,6: 0.000000
Value of variable x4,7: 0.000000
Value of variable x4,8: 0.000000
Value of variable x4,9: 0.000000
Value of variable x5,0: 0.000000
Value of variable x5,1: 0.000000
Value of variable x5,13: 0.000000
Value of variable x5,14: 0.000000
Value of variable x5,16: 0.000000
Value of variable x5,19: 0.000000
Value of variable x5,2: 0.000000
Value of variable x5,20: 0.000000
Value of variable x5,22: 0.000000
Value of variable x5,23: 0.000000
Value of variable x5,24: 0.000000
Value of variable x5,25: 0.000000
Value of variable x5,26: 0.000000
Value of variable x5,27: 0.000000
Value of variable x5,29: 0.000000
Value of variable x5,5: 0.000000
Value of variable x5,6: 0.000000
Value of variable x6,0: 0.000000
Value of variable x6,1: 0.000000
Value of variable x6,10: 0.000000
Value of variable x6,11: 0.000000
Value of variable x6,13: 0.000000
Value of variable x6,14: 0.000000
Value of variable x6,15: 0.000000
Value of variable x6,16: 0.000000
Value of variable x6,17: 0.000000
Value of variable x6,19: 0.000000
Value of variable x6,2: 0.000000
Value of variable x6,25: 0.000000
Value of variable x6,26: 0.000000
Value of variable x6,4: 0.000000
Value of variable x6,5: 0.000000
Value of variable x6,6: 0.000000
Value of variable x6,9: 0.000000
Value of variable x7,0: 0.000000
Value of variable x7,1: 0.000000
Value of variable x7,11: 0.000000
Value of variable x7,12: 0.000000
Value of variable x7,13: 0.000000
Value of variable x7,14: 0.000000
Value of variable x7,16: 0.000000
Value of variable x7,17: 0.000000
Value of variable x7,18: 0.000000
Value of variable x7,19: 0.000000
Value of variable x7,2: 0.000000
Value of variable x7,20: 0.000000
Value of variable x7,22: 0.000000
Value of variable x7,23: 0.000000
Value of variable x7,24: 0.000000
Value of variable x7,25: 0.000000
Value of variable x7,26: 0.000000
Value of variable x7,28: 0.000000
Value of variable x7,29: 0.000000
Value of variable x7,4: 0.000000
Value of variable x7,7: 0.000000
Value of variable x7,9: 0.000000
Value of variable x8,1: 0.000000
Value of variable x8,11: 0.000000
Value of variable x8,12: 0.000000
Value of variable x8,13: 0.000000
Value of variable x8,14: 0.000000
Value of variable x8,16: 1.000000
Value of variable x8,17: 1.000000
Value of variable x8,19: 0.000000
Value of variable x8,2: 0.000000
Value of variable x8,20: 0.000000
Value of variable x8,24: 0.000000
Value of variable x8,25: 0.000000
Value of variable x8,27: 1.000000
Value of variable x8,28: 0.000000
Value of variable x8,29: 0.000000
Value of variable x8,4: 0.000000
Value of variable x8,8: 1.000000
Value of variable x8,9: 0.000000
Value of variable x9,1: 0.000000
Value of variable x9,12: 0.000000
Value of variable x9,13: 0.000000
Value of variable x9,15: 0.000000
Value of variable x9,16: 0.000000
Value of variable x9,18: 0.000000
Value of variable x9,2: 0.000000
Value of variable x9,22: 0.000000
Value of variable x9,24: 0.000000
Value of variable x9,26: 0.000000
Value of variable x9,27: 0.000000
Value of variable x9,28: 0.000000
Value of variable x9,29: 0.000000
Value of variable x9,4: 0.000000
Value of variable x9,6: 0.000000
Value of variable x9,7: 0.000000
Value of variable x9,8: 0.000000
Value of variable x9,9: 0.000000
