Reading graph from ./tests/data/benchmark/30_0.2.col...
...done.
Solution time: 76.0431289673
Objective value: 4.0
No more cuts to add.
Number of colors used: 4.0
Value of variable x0,0: 1.000000
Value of variable x0,10: 1.000000
Value of variable x0,11: 0.000000
Value of variable x0,13: 0.000000
Value of variable x0,14: 1.000000
Value of variable x0,15: 0.000000
Value of variable x0,16: 0.000000
Value of variable x0,17: 0.000000
Value of variable x0,19: 1.000000
Value of variable x0,2: 0.000000
Value of variable x0,20: 0.000000
Value of variable x0,22: 0.000000
Value of variable x0,23: 1.000000
Value of variable x0,24: 1.000000
Value of variable x0,25: 0.000000
Value of variable x0,26: 1.000000
Value of variable x0,27: 0.000000
Value of variable x0,4: 1.000000
Value of variable x0,5: 1.000000
Value of variable x0,6: 0.000000
Value of variable x0,7: 0.000000
Value of variable x0,8: 0.000000
Value of variable x0,9: 0.000000
Value of variable x1,1: 1.000000
Value of variable x1,10: 0.000000
Value of variable x1,11: 1.000000
Value of variable x1,12: 0.000000
Value of variable x1,13: 0.000000
Value of variable x1,14: 0.000000
Value of variable x1,18: 0.000000
Value of variable x1,19: 0.000000
Value of variable x1,2: 0.000000
Value of variable x1,20: 0.000000
Value of variable x1,21: 1.000000
Value of variable x1,24: 0.000000
Value of variable x1,25: 0.000000
Value of variable x1,26: 0.000000
Value of variable x1,27: 1.000000
Value of variable x1,28: 0.000000
Value of variable x1,29: 1.000000
Value of variable x1,4: 0.000000
Value of variable x1,5: 0.000000
Value of variable x1,6: 1.000000
Value of variable x1,7: 0.000000
Value of variable x1,8: 0.000000
Value of variable x10,0: 0.000000
Value of variable x10,1: 0.000000
Value of variable x10,10: 0.000000
Value of variable x10,11: 0.000000
Value of variable x10,12: 0.000000
Value of variable x10,13: 0.000000
Value of variable x10,14: 0.000000
Value of variable x10,15: 0.000000
Value of variable x10,17: 0.000000
Value of variable x10,18: 0.000000
Value of variable x10,19: 0.000000
Value of variable x10,2: 0.000000
Value of variable x10,21: 0.000000
Value of variable x10,23: 0.000000
Value of variable x10,24: 0.000000
Value of variable x10,25: 0.000000
Value of variable x10,26: 0.000000
Value of variable x10,28: 0.000000
Value of variable x10,29: 0.000000
Value of variable x10,3: 0.000000
Value of variable x10,4: 0.000000
Value of variable x10,5: 0.000000
Value of variable x10,6: 0.000000
Value of variable x10,7: 0.000000
Value of variable x10,8: 0.000000
Value of variable x10,9: 0.000000
Value of variable x11,0: 0.000000
Value of variable x11,1: 0.000000
Value of variable x11,10: 0.000000
Value of variable x11,11: 0.000000
Value of variable x11,14: 0.000000
Value of variable x11,15: 0.000000
Value of variable x11,16: 0.000000
Value of variable x11,17: 0.000000
Value of variable x11,18: 0.000000
Value of variable x11,2: 0.000000
Value of variable x11,20: 0.000000
Value of variable x11,21: 0.000000
Value of variable x11,22: 0.000000
Value of variable x11,23: 0.000000
Value of variable x11,25: 0.000000
Value of variable x11,26: 0.000000
Value of variable x11,27: 0.000000
Value of variable x11,28: 0.000000
Value of variable x11,29: 0.000000
Value of variable x11,3: 0.000000
Value of variable x11,4: 0.000000
Value of variable x11,5: 0.000000
Value of variable x11,6: 0.000000
Value of variable x11,7: 0.000000
Value of variable x11,8: 0.000000
Value of variable x11,9: 0.000000
Value of variable x12,1: 0.000000
Value of variable x12,10: 0.000000
Value of variable x12,12: 0.000000
Value of variable x12,13: 0.000000
Value of variable x12,14: 0.000000
Value of variable x12,15: 0.000000
Value of variable x12,17: 0.000000
Value of variable x12,18: 0.000000
Value of variable x12,19: 0.000000
Value of variable x12,2: 0.000000
Value of variable x12,20: 0.000000
Value of variable x12,21: 0.000000
Value of variable x12,22: 0.000000
Value of variable x12,23: 0.000000
Value of variable x12,25: 0.000000
Value of variable x12,26: 0.000000
Value of variable x12,27: 0.000000
Value of variable x12,28: 0.000000
Value of variable x12,29: 0.000000
Value of variable x12,3: 0.000000
Value of variable x12,4: 0.000000
Value of variable x12,7: 0.000000
Value of variable x12,8: 0.000000
Value of variable x12,9: 0.000000
Value of variable x13,0: 0.000000
Value of variable x13,1: 0.000000
Value of variable x13,10: 0.000000
Value of variable x13,12: 0.000000
Value of variable x13,13: 0.000000
Value of variable x13,14: 0.000000
Value of variable x13,15: 0.000000
Value of variable x13,16: 0.000000
Value of variable x13,17: 0.000000
Value of variable x13,18: 0.000000
Value of variable x13,19: 0.000000
Value of variable x13,2: 0.000000
Value of variable x13,21: 0.000000
Value of variable x13,22: 0.000000
Value of variable x13,23: 0.000000
Value of variable x13,24: 0.000000
Value of variable x13,25: 0.000000
Value of variable x13,26: 0.000000
Value of variable x13,27: 0.000000
Value of variable x13,29: 0.000000
Value of variable x13,3: 0.000000
Value of variable x13,4: 0.000000
Value of variable x13,5: 0.000000
Value of variable x13,7: 0.000000
Value of variable x13,8: 0.000000
Value of variable x13,9: 0.000000
Value of variable x14,0: 0.000000
Value of variable x14,1: 0.000000
Value of variable x14,10: 0.000000
Value of variable x14,11: 0.000000
Value of variable x14,12: 0.000000
Value of variable x14,13: 0.000000
Value of variable x14,14: 0.000000
Value of variable x14,15: 0.000000
Value of variable x14,17: 0.000000
Value of variable x14,18: 0.000000
Value of variable x14,19: 0.000000
Value of variable x14,2: 0.000000
Value of variable x14,20: 0.000000
Value of variable x14,21: 0.000000
Value of variable x14,23: 0.000000
Value of variable x14,24: 0.000000
Value of variable x14,26: 0.000000
Value of variable x14,28: 0.000000
Value of variable x14,3: 0.000000
Value of variable x14,4: 0.000000
Value of variable x14,5: 0.000000
Value of variable x14,6: 0.000000
Value of variable x14,7: 0.000000
Value of variable x14,9: 0.000000
Value of variable x15,0: 0.000000
Value of variable x15,10: 0.000000
Value of variable x15,11: 0.000000
Value of variable x15,12: 0.000000
Value of variable x15,13: 0.000000
Value of variable x15,14: 0.000000
Value of variable x15,15: 0.000000
Value of variable x15,16: 0.000000
Value of variable x15,18: 0.000000
Value of variable x15,19: 0.000000
Value of variable x15,2: 0.000000
Value of variable x15,20: 0.000000
Value of variable x15,22: 0.000000
Value of variable x15,24: 0.000000
Value of variable x15,25: 0.000000
Value of variable x15,26: 0.000000
Value of variable x15,29: 0.000000
Value of variable x15,3: 0.000000
Value of variable x15,6: 0.000000
Value of variable x15,8: 0.000000
Value of variable x15,9: 1.000000
Value of variable x16,0: 0.000000
Value of variable x16,11: 0.000000
Value of variable x16,13: 0.000000
Value of variable x16,15: 0.000000
Value of variable x16,16: 1.000000
Value of variable x16,17: 1.000000
Value of variable x16,18: 0.000000
Value of variable x16,2: 1.000000
Value of variable x16,20: 1.000000
Value of variable x16,24: 0.000000
Value of variable x16,26: 0.000000
Value of variable x16,28: 1.000000
Value of variable x16,3: 0.000000
Value of variable x16,5: 0.000000
Value of variable x16,7: 1.000000
Value of variable x16,8: 0.000000
Value of variable x16,9: 0.000000
Value of variable x17,0: 0.000000
Value of variable x17,10: 0.000000
Value of variable x17,11: 0.000000
Value of variable x17,12: 0.000000
Value of variable x17,13: 0.000000
Value of variable x17,14: 0.000000
Value of variable x17,16: 0.000000
Value of variable x17,17: 0.000000
Value of variable x17,2: 0.000000
Value of variable x17,20: 0.000000
Value of variable x17,21: 0.000000
Value of variable x17,22: 0.000000
Value of variable x17,23: 0.000000
Value of variable x17,24: 0.000000
Value of variable x17,26: 0.000000
Value of variable x17,27: 0.000000
Value of variable x17,28: 0.000000
Value of variable x17,29: 0.000000
Value of variable x17,3: 0.000000
Value of variable x17,5: 0.000000
Value of variable x17,6: 0.000000
Value of variable x17,7: 0.000000
Value of variable x17,8: 0.000000
Value of variable x17,9: 0.000000
Value of variable x18,1: 0.000000
Value of variable x18,10: 0.000000
Value of variable x18,11: 0.000000
Value of variable x18,12: 0.000000
Value of variable x18,13: 0.000000
Value of variable x18,14: 0.000000
Value of variable x18,15: 0.000000
Value of variable x18,16: 0.000000
Value of variable x18,18: 0.000000
Value of variable x18,2: 0.000000
Value of variable x18,20: 0.000000
Value of variable x18,22: 0.000000
Value of variable x18,25: 0.000000
Value of variable x18,26: 0.000000
Value of variable x18,27: 0.000000
Value of variable x18,29: 0.000000
Value of variable x18,3: 0.000000
Value of variable x18,6: 0.000000
Value of variable x18,7: 0.000000
Value of variable x18,8: 0.000000
Value of variable x18,9: 0.000000
Value of variable x19,0: 0.000000
Value of variable x19,1: 0.000000
Value of variable x19,10: 0.000000
Value of variable x19,12: 0.000000
Value of variable x19,13: 0.000000
Value of variable x19,14: 0.000000
Value of variable x19,15: 0.000000
Value of variable x19,19: 0.000000
Value of variable x19,21: 0.000000
Value of variable x19,22: 0.000000
Value of variable x19,23: 0.000000
Value of variable x19,24: 0.000000
Value of variable x19,25: 0.000000
Value of variable x19,26: 0.000000
Value of variable x19,27: 0.000000
Value of variable x19,29: 0.000000
Value of variable x19,3: 0.000000
Value of variable x19,4: 0.000000
Value of variable x19,5: 0.000000
Value of variable x19,6: 0.000000
Value of variable x19,8: 0.000000
Value of variable x19,9: 0.000000
Value of variable x2,0: 0.000000
Value of variable x2,1: 0.000000
Value of variable x2,10: 0.000000
Value of variable x2,11: 0.000000
Value of variable x2,12: 0.000000
Value of variable x2,13: 0.000000
Value of variable x2,14: 0.000000
Value of variable x2,15: 0.000000
Value of variable x2,16: 0.000000
Value of variable x2,17: 0.000000
Value of variable x2,18: 0.000000
Value of variable x2,2: 0.000000
Value of variable x2,20: 0.000000
Value of variable x2,21: 0.000000
Value of variable x2,22: 0.000000
Value of variable x2,24: 0.000000
Value of variable x2,25: 0.000000
Value of variable x2,26: 0.000000
Value of variable x2,27: 0.000000
Value of variable x2,28: 0.000000
Value of variable x2,3: 0.000000
Value of variable x2,4: 0.000000
Value of variable x2,5: 0.000000
Value of variable x2,6: 0.000000
Value of variable x2,7: 0.000000
Value of variable x2,8: 0.000000
Value of variable x2,9: 0.000000
Value of variable x20,0: 0.000000
Value of variable x20,1: 0.000000
Value of variable x20,11: 0.000000
Value of variable x20,12: 0.000000
Value of variable x20,14: 0.000000
Value of variable x20,15: 0.000000
Value of variable x20,16: 0.000000
Value of variable x20,17: 0.000000
Value of variable x20,18: 0.000000
Value of variable x20,2: 0.000000
Value of variable x20,20: 0.000000
Value of variable x20,23: 0.000000
Value of variable x20,24: 0.000000
Value of variable x20,25: 0.000000
Value of variable x20,27: 0.000000
Value of variable x20,28: 0.000000
Value of variable x20,29: 0.000000
Value of variable x20,3: 0.000000
Value of variable x20,5: 0.000000
Value of variable x20,6: 0.000000
Value of variable x20,7: 0.000000
Value of variable x20,8: 0.000000
Value of variable x20,9: 0.000000
Value of variable x21,1: 0.000000
Value of variable x21,10: 0.000000
Value of variable x21,11: 0.000000
Value of variable x21,12: 0.000000
Value of variable x21,13: 0.000000
Value of variable x21,14: 0.000000
Value of variable x21,17: 0.000000
Value of variable x21,19: 0.000000
Value of variable x21,2: 0.000000
Value of variable x21,21: 0.000000
Value of variable x21,22: 0.000000
Value of variable x21,23: 0.000000
Value of variable x21,25: 0.000000
Value of variable x21,26: 0.000000
Value of variable x21,27: 0.000000
Value of variable x21,28: 0.000000
Value of variable x21,29: 0.000000
Value of variable x21,3: 0.000000
Value of variable x21,4: 0.000000
Value of variable x21,6: 0.000000
Value of variable x21,8: 0.000000
Value of variable x21,9: 0.000000
Value of variable x22,0: 0.000000
Value of variable x22,11: 0.000000
Value of variable x22,12: 0.000000
Value of variable x22,13: 0.000000
Value of variable x22,15: 0.000000
Value of variable x22,17: 0.000000
Value of variable x22,18: 0.000000
Value of variable x22,19: 0.000000
Value of variable x22,2: 0.000000
Value of variable x22,21: 0.000000
Value of variable x22,22: 0.000000
Value of variable x22,23: 0.000000
Value of variable x22,24: 0.000000
Value of variable x22,25: 0.000000
Value of variable x22,26: 0.000000
Value of variable x22,28: 0.000000
Value of variable x22,3: 0.000000
Value of variable x22,4: 0.000000
Value of variable x22,5: 0.000000
Value of variable x22,6: 0.000000
Value of variable x22,7: 0.000000
Value of variable x22,8: 0.000000
Value of variable x22,9: 0.000000
Value of variable x23,0: 0.000000
Value of variable x23,10: 0.000000
Value of variable x23,11: 0.000000
Value of variable x23,12: 0.000000
Value of variable x23,13: 0.000000
Value of variable x23,14: 0.000000
Value of variable x23,17: 0.000000
Value of variable x23,19: 0.000000
Value of variable x23,20: 0.000000
Value of variable x23,21: 0.000000
Value of variable x23,22: 0.000000
Value of variable x23,23: 0.000000
Value of variable x23,24: 0.000000
Value of variable x23,25: 0.000000
Value of variable x23,26: 0.000000
Value of variable x23,27: 0.000000
Value of variable x23,28: 0.000000
Value of variable x23,29: 0.000000
Value of variable x23,3: 0.000000
Value of variable x23,4: 0.000000
Value of variable x23,5: 0.000000
Value of variable x23,6: 0.000000
Value of variable x23,7: 0.000000
Value of variable x23,8: 0.000000
Value of variable x23,9: 0.000000
Value of variable x24,0: 0.000000
Value of variable x24,1: 0.000000
Value of variable x24,10: 0.000000
Value of variable x24,13: 0.000000
Value of variable x24,14: 0.000000
Value of variable x24,15: 0.000000
Value of variable x24,16: 0.000000
Value of variable x24,17: 0.000000
Value of variable x24,19: 0.000000
Value of variable x24,2: 0.000000
Value of variable x24,20: 0.000000
Value of variable x24,22: 0.000000
Value of variable x24,23: 0.000000
Value of variable x24,24: 0.000000
Value of variable x24,25: 0.000000
Value of variable x24,26: 0.000000
Value of variable x24,27: 0.000000
Value of variable x24,28: 0.000000
Value of variable x24,29: 0.000000
Value of variable x24,3: 0.000000
Value of variable x24,4: 0.000000
Value of variable x24,5: 0.000000
Value of variable x24,9: 0.000000
Value of variable x25,0: 0.000000
Value of variable x25,1: 0.000000
Value of variable x25,10: 0.000000
Value of variable x25,11: 0.000000
Value of variable x25,12: 0.000000
Value of variable x25,13: 0.000000
Value of variable x25,15: 0.000000
Value of variable x25,18: 0.000000
Value of variable x25,19: 0.000000
Value of variable x25,2: 0.000000
Value of variable x25,20: 0.000000
Value of variable x25,21: 0.000000
Value of variable x25,22: 0.000000
Value of variable x25,23: 0.000000
Value of variable x25,24: 0.000000
Value of variable x25,25: 0.000000
Value of variable x25,27: 0.000000
Value of variable x25,28: 0.000000
Value of variable x25,29: 0.000000
Value of variable x25,3: 0.000000
Value of variable x25,5: 0.000000
Value of variable x25,6: 0.000000
Value of variable x25,7: 0.000000
Value of variable x25,8: 0.000000
Value of variable x25,9: 0.000000
Value of variable x26,0: 0.000000
Value of variable x26,1: 0.000000
Value of variable x26,10: 0.000000
Value of variable x26,11: 0.000000
Value of variable x26,12: 0.000000
Value of variable x26,13: 0.000000
Value of variable x26,14: 0.000000
Value of variable x26,15: 0.000000
Value of variable x26,16: 0.000000
Value of variable x26,17: 0.000000
Value of variable x26,18: 0.000000
Value of variable x26,19: 0.000000
Value of variable x26,2: 0.000000
Value of variable x26,21: 0.000000
Value of variable x26,22: 0.000000
Value of variable x26,23: 0.000000
Value of variable x26,24: 0.000000
Value of variable x26,26: 0.000000
Value of variable x26,27: 0.000000
Value of variable x26,28: 0.000000
Value of variable x26,4: 0.000000
Value of variable x26,5: 0.000000
Value of variable x26,6: 0.000000
Value of variable x26,7: 0.000000
Value of variable x26,8: 0.000000
Value of variable x26,9: 0.000000
Value of variable x27,0: 0.000000
Value of variable x27,1: 0.000000
Value of variable x27,11: 0.000000
Value of variable x27,12: 0.000000
Value of variable x27,13: 0.000000
Value of variable x27,17: 0.000000
Value of variable x27,18: 0.000000
Value of variable x27,19: 0.000000
Value of variable x27,2: 0.000000
Value of variable x27,20: 0.000000
Value of variable x27,21: 0.000000
Value of variable x27,23: 0.000000
Value of variable x27,24: 0.000000
Value of variable x27,25: 0.000000
Value of variable x27,26: 0.000000
Value of variable x27,27: 0.000000
Value of variable x27,28: 0.000000
Value of variable x27,29: 0.000000
Value of variable x27,4: 0.000000
Value of variable x27,6: 0.000000
Value of variable x27,7: 0.000000
Value of variable x27,8: 0.000000
Value of variable x27,9: 0.000000
Value of variable x28,1: 0.000000
Value of variable x28,10: 0.000000
Value of variable x28,11: 0.000000
Value of variable x28,12: 0.000000
Value of variable x28,14: 0.000000
Value of variable x28,16: 0.000000
Value of variable x28,17: 0.000000
Value of variable x28,2: 0.000000
Value of variable x28,20: 0.000000
Value of variable x28,21: 0.000000
Value of variable x28,22: 0.000000
Value of variable x28,23: 0.000000
Value of variable x28,24: 0.000000
Value of variable x28,25: 0.000000
Value of variable x28,26: 0.000000
Value of variable x28,27: 0.000000
Value of variable x28,28: 0.000000
Value of variable x28,29: 0.000000
Value of variable x28,3: 0.000000
Value of variable x28,5: 0.000000
Value of variable x28,6: 0.000000
Value of variable x28,7: 0.000000
Value of variable x29,1: 0.000000
Value of variable x29,10: 0.000000
Value of variable x29,11: 0.000000
Value of variable x29,12: 0.000000
Value of variable x29,13: 0.000000
Value of variable x29,15: 0.000000
Value of variable x29,17: 0.000000
Value of variable x29,18: 0.000000
Value of variable x29,19: 0.000000
Value of variable x29,20: 0.000000
Value of variable x29,21: 0.000000
Value of variable x29,23: 0.000000
Value of variable x29,24: 0.000000
Value of variable x29,25: 0.000000
Value of variable x29,27: 0.000000
Value of variable x29,28: 0.000000
Value of variable x29,29: 0.000000
Value of variable x29,3: 0.000000
Value of variable x29,4: 0.000000
Value of variable x29,5: 0.000000
Value of variable x29,6: 0.000000
Value of variable x29,7: 0.000000
Value of variable x29,8: 0.000000
Value of variable x29,9: 0.000000
Value of variable x3,10: 0.000000
Value of variable x3,11: 0.000000
Value of variable x3,12: 1.000000
Value of variable x3,13: 1.000000
Value of variable x3,14: 0.000000
Value of variable x3,15: 1.000000
Value of variable x3,16: 0.000000
Value of variable x3,17: 0.000000
Value of variable x3,18: 1.000000
Value of variable x3,19: 0.000000
Value of variable x3,2: 0.000000
Value of variable x3,20: 0.000000
Value of variable x3,21: 0.000000
Value of variable x3,22: 1.000000
Value of variable x3,23: 0.000000
Value of variable x3,24: 0.000000
Value of variable x3,25: 1.000000
Value of variable x3,28: 0.000000
Value of variable x3,29: 0.000000
Value of variable x3,3: 1.000000
Value of variable x3,4: 0.000000
Value of variable x3,6: 0.000000
Value of variable x3,7: 0.000000
Value of variable x3,8: 1.000000
Value of variable x3,9: 1.000000
Value of variable x4,0: 0.000000
Value of variable x4,1: 0.000000
Value of variable x4,10: 0.000000
Value of variable x4,11: 0.000000
Value of variable x4,12: 0.000000
Value of variable x4,13: 0.000000
Value of variable x4,14: 0.000000
Value of variable x4,19: 0.000000
Value of variable x4,2: 0.000000
Value of variable x4,21: 0.000000
Value of variable x4,22: 0.000000
Value of variable x4,23: 0.000000
Value of variable x4,24: 0.000000
Value of variable x4,26: 0.000000
Value of variable x4,27: 0.000000
Value of variable x4,29: 0.000000
Value of variable x4,3: 0.000000
Value of variable x4,4: 0.000000
Value of variable x4,5: 0.000000
Value of variable x4,7: 0.000000
Value of variable x4,8: 0.000000
Value of variable x4,9: 0.000000
Value of variable x5,0: 0.000000
Value of variable x5,1: 0.000000
Value of variable x5,10: 0.000000
Value of variable x5,11: 0.000000
Value of variable x5,13: 0.000000
Value of variable x5,14: 0.000000
Value of variable x5,16: 0.000000
Value of variable x5,17: 0.000000
Value of variable x5,19: 0.000000
Value of variable x5,2: 0.000000
Value of variable x5,20: 0.000000
Value of variable x5,22: 0.000000
Value of variable x5,23: 0.000000
Value of variable x5,24: 0.000000
Value of variable x5,25: 0.000000
Value of variable x5,26: 0.000000
Value of variable x5,28: 0.000000
Value of variable x5,29: 0.000000
Value of variable x5,4: 0.000000
Value of variable x5,5: 0.000000
Value of variable x5,6: 0.000000
Value of variable x5,7: 0.000000
Value of variable x5,8: 0.000000
Value of variable x6,0: 0.000000
Value of variable x6,1: 0.000000
Value of variable x6,10: 0.000000
Value of variable x6,11: 0.000000
Value of variable x6,14: 0.000000
Value of variable x6,15: 0.000000
Value of variable x6,17: 0.000000
Value of variable x6,18: 0.000000
Value of variable x6,19: 0.000000
Value of variable x6,2: 0.000000
Value of variable x6,20: 0.000000
Value of variable x6,21: 0.000000
Value of variable x6,22: 0.000000
Value of variable x6,23: 0.000000
Value of variable x6,25: 0.000000
Value of variable x6,26: 0.000000
Value of variable x6,27: 0.000000
Value of variable x6,28: 0.000000
Value of variable x6,29: 0.000000
Value of variable x6,3: 0.000000
Value of variable x6,5: 0.000000
Value of variable x6,6: 0.000000
Value of variable x6,7: 0.000000
Value of variable x6,8: 0.000000
Value of variable x6,9: 0.000000
Value of variable x7,0: 0.000000
Value of variable x7,1: 0.000000
Value of variable x7,10: 0.000000
Value of variable x7,11: 0.000000
Value of variable x7,12: 0.000000
Value of variable x7,13: 0.000000
Value of variable x7,14: 0.000000
Value of variable x7,16: 0.000000
Value of variable x7,17: 0.000000
Value of variable x7,18: 0.000000
Value of variable x7,2: 0.000000
Value of variable x7,20: 0.000000
Value of variable x7,22: 0.000000
Value of variable x7,23: 0.000000
Value of variable x7,25: 0.000000
Value of variable x7,26: 0.000000
Value of variable x7,27: 0.000000
Value of variable x7,28: 0.000000
Value of variable x7,29: 0.000000
Value of variable x7,3: 0.000000
Value of variable x7,4: 0.000000
Value of variable x7,5: 0.000000
Value of variable x7,6: 0.000000
Value of variable x7,7: 0.000000
Value of variable x7,8: 0.000000
Value of variable x7,9: 0.000000
Value of variable x8,0: 0.000000
Value of variable x8,1: 0.000000
Value of variable x8,10: 0.000000
Value of variable x8,11: 0.000000
Value of variable x8,12: 0.000000
Value of variable x8,13: 0.000000
Value of variable x8,15: 0.000000
Value of variable x8,16: 0.000000
Value of variable x8,17: 0.000000
Value of variable x8,18: 0.000000
Value of variable x8,19: 0.000000
Value of variable x8,2: 0.000000
Value of variable x8,20: 0.000000
Value of variable x8,21: 0.000000
Value of variable x8,22: 0.000000
Value of variable x8,23: 0.000000
Value of variable x8,25: 0.000000
Value of variable x8,26: 0.000000
Value of variable x8,27: 0.000000
Value of variable x8,29: 0.000000
Value of variable x8,3: 0.000000
Value of variable x8,4: 0.000000
Value of variable x8,5: 0.000000
Value of variable x8,6: 0.000000
Value of variable x8,7: 0.000000
Value of variable x8,8: 0.000000
Value of variable x8,9: 0.000000
Value of variable x9,0: 0.000000
Value of variable x9,10: 0.000000
Value of variable x9,11: 0.000000
Value of variable x9,12: 0.000000
Value of variable x9,13: 0.000000
Value of variable x9,14: 0.000000
Value of variable x9,15: 0.000000
Value of variable x9,16: 0.000000
Value of variable x9,17: 0.000000
Value of variable x9,18: 0.000000
Value of variable x9,19: 0.000000
Value of variable x9,2: 0.000000
Value of variable x9,20: 0.000000
Value of variable x9,21: 0.000000
Value of variable x9,22: 0.000000
Value of variable x9,23: 0.000000
Value of variable x9,24: 0.000000
Value of variable x9,25: 0.000000
Value of variable x9,26: 0.000000
Value of variable x9,27: 0.000000
Value of variable x9,29: 0.000000
Value of variable x9,3: 0.000000
Value of variable x9,4: 0.000000
Value of variable x9,6: 0.000000
Value of variable x9,7: 0.000000
Value of variable x9,8: 0.000000
Value of variable x9,9: 0.000000
