Reading graph from ./tests/data/benchmark/30_0.6.col...
...done.
Solution time: 60.0657911301
Objective value: 4.28779069767
Adding 340 violated clique cuts.
Solution time: 36.1691999435
Objective value: 5.33333333333
Adding 102 violated clique cuts.
Solution time: 48.5726566315
Objective value: 7.34615384615
Adding 57 violated clique cuts.
Solution time: 32.4627075195
Objective value: 7.66115702479
Adding 4 violated clique cuts.
Solution time: 7.50391578674
Objective value: 7.67153284672
Adding 4 violated clique cuts.
Solution time: 2.48493289948
Objective value: 7.67177242888
No more cuts to add.
Number of colors used: 7.67177242888
Value of variable x0,0: 0.000000
Value of variable x0,10: 0.000000
Value of variable x0,11: 0.000000
Value of variable x0,12: 0.000000
Value of variable x0,15: 0.000000
Value of variable x0,16: 0.000000
Value of variable x0,18: 0.000000
Value of variable x0,2: 0.000000
Value of variable x0,20: 0.000000
Value of variable x0,22: 0.000000
Value of variable x0,23: 0.000000
Value of variable x0,29: 0.000000
Value of variable x0,4: 0.000000
Value of variable x0,5: 0.000000
Value of variable x0,6: 0.000000
Value of variable x0,9: 0.000000
Value of variable x1,1: 0.085339
Value of variable x1,13: 0.000000
Value of variable x1,14: 0.085339
Value of variable x1,19: 0.000000
Value of variable x1,2: 0.000000
Value of variable x1,21: 0.000000
Value of variable x1,23: 0.000000
Value of variable x1,24: 0.000000
Value of variable x1,26: 0.000000
Value of variable x1,28: 0.085339
Value of variable x1,4: 0.000000
Value of variable x1,5: 0.000000
Value of variable x1,7: 0.000000
Value of variable x10,0: 0.000000
Value of variable x10,10: 0.096280
Value of variable x10,13: 0.000000
Value of variable x10,19: 0.000000
Value of variable x10,2: 0.006565
Value of variable x10,22: 0.006565
Value of variable x10,23: 0.089716
Value of variable x10,24: 0.000000
Value of variable x10,25: 0.000000
Value of variable x10,27: 0.089716
Value of variable x10,28: 0.006565
Value of variable x10,4: 0.000000
Value of variable x11,0: 0.000000
Value of variable x11,11: 0.000000
Value of variable x11,12: 0.000000
Value of variable x11,13: 0.000000
Value of variable x11,14: 0.000000
Value of variable x11,16: 0.000000
Value of variable x11,18: 0.000000
Value of variable x11,19: 0.000000
Value of variable x11,2: 0.000000
Value of variable x11,21: 0.000000
Value of variable x11,24: 0.000000
Value of variable x11,3: 0.000000
Value of variable x11,4: 0.000000
Value of variable x11,8: 0.000000
Value of variable x12,0: 0.000000
Value of variable x12,11: 0.000000
Value of variable x12,12: 0.000000
Value of variable x12,13: 0.000000
Value of variable x12,14: 0.000000
Value of variable x12,19: 0.000000
Value of variable x12,20: 0.000000
Value of variable x12,24: 0.000000
Value of variable x12,5: 0.000000
Value of variable x12,6: 0.000000
Value of variable x12,7: 0.000000
Value of variable x12,9: 0.000000
Value of variable x13,1: 0.291028
Value of variable x13,10: 0.000000
Value of variable x13,11: 0.000000
Value of variable x13,12: 0.000000
Value of variable x13,13: 0.582057
Value of variable x13,15: 0.291028
Value of variable x13,16: 0.000000
Value of variable x13,17: 0.291028
Value of variable x13,19: 0.000000
Value of variable x13,21: 0.291028
Value of variable x13,22: 0.291028
Value of variable x13,23: 0.291028
Value of variable x13,29: 0.000000
Value of variable x13,3: 0.000000
Value of variable x13,5: 0.291028
Value of variable x14,1: 0.188184
Value of variable x14,11: 0.161926
Value of variable x14,12: 0.161926
Value of variable x14,14: 0.376368
Value of variable x14,16: 0.000000
Value of variable x14,19: 0.161926
Value of variable x14,21: 0.188184
Value of variable x14,24: 0.161926
Value of variable x14,25: 0.026258
Value of variable x14,26: 0.000000
Value of variable x14,27: 0.026258
Value of variable x14,28: 0.026258
Value of variable x14,5: 0.161926
Value of variable x15,0: 0.026258
Value of variable x15,13: 0.026258
Value of variable x15,15: 0.078775
Value of variable x15,17: 0.026258
Value of variable x15,18: 0.026258
Value of variable x15,21: 0.026258
Value of variable x15,22: 0.026258
Value of variable x15,23: 0.026258
Value of variable x15,26: 0.026258
Value of variable x15,27: 0.000000
Value of variable x15,28: 0.000000
Value of variable x15,29: 0.026258
Value of variable x15,3: 0.026258
Value of variable x15,4: 0.000000
Value of variable x16,0: 0.000000
Value of variable x16,11: 0.013129
Value of variable x16,13: 0.000000
Value of variable x16,14: 0.013129
Value of variable x16,16: 0.013129
Value of variable x16,18: 0.000000
Value of variable x16,2: 0.000000
Value of variable x16,20: 0.000000
Value of variable x16,21: 0.013129
Value of variable x16,22: 0.000000
Value of variable x16,25: 0.000000
Value of variable x16,28: 0.000000
Value of variable x16,29: 0.000000
Value of variable x16,7: 0.000000
Value of variable x16,9: 0.000000
Value of variable x17,13: 0.000000
Value of variable x17,15: 0.000000
Value of variable x17,17: 0.000000
Value of variable x17,19: 0.000000
Value of variable x17,20: 0.000000
Value of variable x17,21: 0.000000
Value of variable x17,22: 0.000000
Value of variable x17,25: 0.000000
Value of variable x17,26: 0.000000
Value of variable x17,5: 0.000000
Value of variable x17,7: 0.000000
Value of variable x18,0: 0.660832
Value of variable x18,11: 0.660832
Value of variable x18,15: 0.000000
Value of variable x18,16: 0.660832
Value of variable x18,18: 0.660832
Value of variable x18,19: 0.000000
Value of variable x18,22: 0.000000
Value of variable x18,23: 0.000000
Value of variable x18,24: 0.000000
Value of variable x18,25: 0.000000
Value of variable x18,26: 0.000000
Value of variable x19,1: 0.148796
Value of variable x19,10: 0.000000
Value of variable x19,11: 0.164114
Value of variable x19,12: 0.164114
Value of variable x19,13: 0.000000
Value of variable x19,14: 0.312910
Value of variable x19,17: 0.000000
Value of variable x19,18: 0.000000
Value of variable x19,19: 0.625821
Value of variable x19,2: 0.000000
Value of variable x19,20: 0.000000
Value of variable x19,24: 0.312910
Value of variable x19,26: 0.148796
Value of variable x19,3: 0.000000
Value of variable x19,4: 0.164114
Value of variable x19,5: 0.312910
Value of variable x19,8: 0.312910
Value of variable x19,9: 0.312910
Value of variable x2,0: 0.000000
Value of variable x2,1: 0.074398
Value of variable x2,10: 0.000000
Value of variable x2,11: 0.000000
Value of variable x2,16: 0.000000
Value of variable x2,19: 0.000000
Value of variable x2,2: 0.148796
Value of variable x2,20: 0.000000
Value of variable x2,21: 0.074398
Value of variable x2,22: 0.000000
Value of variable x2,23: 0.074398
Value of variable x2,26: 0.074398
Value of variable x2,28: 0.000000
Value of variable x2,29: 0.074398
Value of variable x2,3: 0.074398
Value of variable x2,5: 0.000000
Value of variable x2,6: 0.000000
Value of variable x2,7: 0.000000
Value of variable x20,0: 0.560175
Value of variable x20,12: 0.560175
Value of variable x20,16: 0.013129
Value of variable x20,17: 0.000000
Value of variable x20,19: 0.000000
Value of variable x20,2: 0.013129
Value of variable x20,20: 0.573304
Value of variable x20,21: 0.013129
Value of variable x20,26: 0.000000
Value of variable x20,28: 0.000000
Value of variable x20,3: 0.000000
Value of variable x20,4: 0.000000
Value of variable x20,6: 0.560175
Value of variable x20,9: 0.013129
Value of variable x21,1: 0.000000
Value of variable x21,11: 0.000000
Value of variable x21,13: 0.000000
Value of variable x21,14: 0.000000
Value of variable x21,15: 0.100656
Value of variable x21,16: 0.000000
Value of variable x21,17: 0.100656
Value of variable x21,2: 0.000000
Value of variable x21,20: 0.100656
Value of variable x21,21: 0.201313
Value of variable x21,23: 0.000000
Value of variable x21,27: 0.100656
Value of variable x21,29: 0.000000
Value of variable x21,9: 0.100656
Value of variable x22,0: 0.000000
Value of variable x22,10: 0.000000
Value of variable x22,13: 0.000000
Value of variable x22,15: 0.135667
Value of variable x22,16: 0.000000
Value of variable x22,17: 0.135667
Value of variable x22,18: 0.000000
Value of variable x22,2: 0.000000
Value of variable x22,22: 0.442013
Value of variable x22,28: 0.306346
Value of variable x22,5: 0.000000
Value of variable x22,8: 0.306346
Value of variable x23,0: 0.000000
Value of variable x23,1: 0.000000
Value of variable x23,10: 0.000000
Value of variable x23,13: 0.000000
Value of variable x23,15: 0.000000
Value of variable x23,18: 0.000000
Value of variable x23,2: 0.000000
Value of variable x23,21: 0.000000
Value of variable x23,23: 0.000000
Value of variable x23,26: 0.000000
Value of variable x23,27: 0.000000
Value of variable x23,3: 0.000000
Value of variable x23,6: 0.000000
Value of variable x23,7: 0.000000
Value of variable x24,1: 0.000000
Value of variable x24,10: 0.000000
Value of variable x24,11: 0.000000
Value of variable x24,12: 0.000000
Value of variable x24,14: 0.000000
Value of variable x24,18: 0.000000
Value of variable x24,19: 0.000000
Value of variable x24,24: 0.000000
Value of variable x24,25: 0.000000
Value of variable x24,26: 0.000000
Value of variable x24,4: 0.000000
Value of variable x24,5: 0.000000
Value of variable x24,7: 0.000000
Value of variable x25,10: 0.448578
Value of variable x25,14: 0.000000
Value of variable x25,16: 0.312910
Value of variable x25,17: 0.000000
Value of variable x25,18: 0.312910
Value of variable x25,24: 0.312910
Value of variable x25,25: 0.761488
Value of variable x25,26: 0.000000
Value of variable x25,27: 0.135667
Value of variable x25,28: 0.312910
Value of variable x26,1: 0.212254
Value of variable x26,14: 0.212254
Value of variable x26,15: 0.000000
Value of variable x26,17: 0.212254
Value of variable x26,18: 0.000000
Value of variable x26,19: 0.212254
Value of variable x26,2: 0.212254
Value of variable x26,20: 0.212254
Value of variable x26,23: 0.212254
Value of variable x26,24: 0.212254
Value of variable x26,25: 0.212254
Value of variable x26,26: 0.636761
Value of variable x26,3: 0.000000
Value of variable x26,6: 0.212254
Value of variable x26,8: 0.000000
Value of variable x27,10: 0.192560
Value of variable x27,14: 0.000000
Value of variable x27,15: 0.000000
Value of variable x27,21: 0.192560
Value of variable x27,23: 0.192560
Value of variable x27,25: 0.000000
Value of variable x27,27: 0.385120
Value of variable x27,29: 0.000000
Value of variable x27,4: 0.192560
Value of variable x27,7: 0.000000
Value of variable x27,9: 0.192560
Value of variable x28,1: 0.000000
Value of variable x28,10: 0.000000
Value of variable x28,14: 0.000000
Value of variable x28,15: 0.000000
Value of variable x28,16: 0.000000
Value of variable x28,2: 0.000000
Value of variable x28,20: 0.000000
Value of variable x28,22: 0.000000
Value of variable x28,25: 0.000000
Value of variable x28,28: 0.000000
Value of variable x28,4: 0.000000
Value of variable x28,8: 0.000000
Value of variable x29,0: 0.000000
Value of variable x29,13: 0.393873
Value of variable x29,15: 0.393873
Value of variable x29,16: 0.000000
Value of variable x29,2: 0.505470
Value of variable x29,21: 0.000000
Value of variable x29,27: 0.000000
Value of variable x29,29: 0.899344
Value of variable x29,3: 0.899344
Value of variable x29,5: 0.000000
Value of variable x29,7: 0.505470
Value of variable x3,11: 0.000000
Value of variable x3,13: 0.000000
Value of variable x3,15: 0.000000
Value of variable x3,19: 0.000000
Value of variable x3,2: 0.000000
Value of variable x3,20: 0.000000
Value of variable x3,23: 0.000000
Value of variable x3,26: 0.000000
Value of variable x3,29: 0.000000
Value of variable x3,3: 0.000000
Value of variable x3,7: 0.000000
Value of variable x4,0: 0.000000
Value of variable x4,1: 0.000000
Value of variable x4,10: 0.262582
Value of variable x4,11: 0.000000
Value of variable x4,15: 0.000000
Value of variable x4,19: 0.000000
Value of variable x4,20: 0.000000
Value of variable x4,24: 0.000000
Value of variable x4,27: 0.262582
Value of variable x4,28: 0.262582
Value of variable x4,4: 0.525164
Value of variable x4,6: 0.000000
Value of variable x4,7: 0.262582
Value of variable x4,8: 0.262582
Value of variable x4,9: 0.262582
Value of variable x5,0: 0.000000
Value of variable x5,1: 0.000000
Value of variable x5,12: 0.000000
Value of variable x5,13: 0.234136
Value of variable x5,14: 0.000000
Value of variable x5,17: 0.234136
Value of variable x5,19: 0.000000
Value of variable x5,2: 0.000000
Value of variable x5,22: 0.234136
Value of variable x5,24: 0.000000
Value of variable x5,29: 0.000000
Value of variable x5,5: 0.234136
Value of variable x5,6: 0.000000
Value of variable x5,9: 0.000000
Value of variable x6,0: 0.000000
Value of variable x6,12: 0.113786
Value of variable x6,2: 0.113786
Value of variable x6,20: 0.113786
Value of variable x6,23: 0.113786
Value of variable x6,26: 0.113786
Value of variable x6,4: 0.000000
Value of variable x6,5: 0.000000
Value of variable x6,6: 0.227571
Value of variable x6,7: 0.113786
Value of variable x7,1: 0.000000
Value of variable x7,12: 0.000000
Value of variable x7,16: 0.000000
Value of variable x7,17: 0.000000
Value of variable x7,2: 0.000000
Value of variable x7,23: 0.000000
Value of variable x7,24: 0.000000
Value of variable x7,27: 0.000000
Value of variable x7,29: 0.000000
Value of variable x7,3: 0.000000
Value of variable x7,4: 0.118162
Value of variable x7,6: 0.000000
Value of variable x7,7: 0.118162
Value of variable x7,8: 0.118162
Value of variable x7,9: 0.118162
Value of variable x8,11: 0.000000
Value of variable x8,19: 0.000000
Value of variable x8,22: 0.000000
Value of variable x8,26: 0.000000
Value of variable x8,28: 0.000000
Value of variable x8,4: 0.000000
Value of variable x8,7: 0.000000
Value of variable x8,8: 0.000000
Value of variable x8,9: 0.000000
Value of variable x9,0: 0.000000
Value of variable x9,12: 0.000000
Value of variable x9,16: 0.000000
Value of variable x9,19: 0.000000
Value of variable x9,20: 0.000000
Value of variable x9,21: 0.000000
Value of variable x9,27: 0.000000
Value of variable x9,4: 0.000000
Value of variable x9,5: 0.000000
Value of variable x9,7: 0.000000
Value of variable x9,8: 0.000000
Value of variable x9,9: 0.000000
