Reading graph from ./tests/data/benchmark/30_0.8.col...
...done.
Solution time: 6.54778003693
Objective value: 7.6
Adding 50 violated clique cuts.
Solution time: 10.2103652954
Objective value: 10.25
Adding 19 violated clique cuts.
Solution time: 4.52098941803
Objective value: 11.3333333333
Adding 8 violated clique cuts.
Solution time: 1.55521869659
Objective value: 12.0
Adding 2 violated clique cuts.
Solution time: 1.38092708588
Objective value: 12.0
Adding 3 violated clique cuts.
Solution time: 1.13993549347
Objective value: 12.0
No more cuts to add.
Number of colors used: 12.0
Value of variable x0,0: 0.000000
Value of variable x0,13: 0.000000
Value of variable x0,14: 0.000000
Value of variable x0,20: 0.000000
Value of variable x0,29: 0.000000
Value of variable x0,3: 0.000000
Value of variable x0,5: 0.000000
Value of variable x0,8: 0.000000
Value of variable x0,9: 0.000000
Value of variable x1,1: 0.000000
Value of variable x1,14: 0.000000
Value of variable x1,19: 0.000000
Value of variable x1,23: 0.000000
Value of variable x1,24: 0.000000
Value of variable x1,28: 0.000000
Value of variable x1,4: 0.000000
Value of variable x10,10: 1.000000
Value of variable x10,15: 1.000000
Value of variable x10,18: 0.000000
Value of variable x10,20: 0.000000
Value of variable x10,23: 0.000000
Value of variable x10,3: 0.000000
Value of variable x11,11: 0.500000
Value of variable x11,16: 0.500000
Value of variable x11,22: 0.000000
Value of variable x11,23: 0.000000
Value of variable x11,26: 0.000000
Value of variable x11,3: 0.500000
Value of variable x11,4: 0.000000
Value of variable x11,9: 0.000000
Value of variable x12,12: 1.000000
Value of variable x12,14: 0.000000
Value of variable x12,17: 0.000000
Value of variable x12,18: 0.500000
Value of variable x12,27: 0.500000
Value of variable x13,0: 0.000000
Value of variable x13,13: 0.500000
Value of variable x13,16: 0.500000
Value of variable x13,19: 0.500000
Value of variable x14,0: 0.000000
Value of variable x14,1: 0.000000
Value of variable x14,12: 0.000000
Value of variable x14,14: 0.000000
Value of variable x14,19: 0.000000
Value of variable x14,20: 0.000000
Value of variable x14,28: 0.000000
Value of variable x14,5: 0.000000
Value of variable x15,10: 0.000000
Value of variable x15,15: 0.000000
Value of variable x15,2: 0.000000
Value of variable x15,26: 0.000000
Value of variable x15,9: 0.000000
Value of variable x16,11: 0.000000
Value of variable x16,13: 0.000000
Value of variable x16,16: 0.000000
Value of variable x16,19: 0.000000
Value of variable x16,20: 0.000000
Value of variable x16,25: 0.000000
Value of variable x16,29: 0.000000
Value of variable x16,3: 0.000000
Value of variable x16,5: 0.000000
Value of variable x17,12: 0.000000
Value of variable x17,17: 0.000000
Value of variable x17,19: 0.000000
Value of variable x17,21: 0.000000
Value of variable x17,28: 0.000000
Value of variable x18,10: 0.000000
Value of variable x18,12: 0.000000
Value of variable x18,18: 0.000000
Value of variable x18,21: 0.000000
Value of variable x18,26: 0.000000
Value of variable x18,9: 0.000000
Value of variable x19,1: 0.000000
Value of variable x19,13: 0.500000
Value of variable x19,14: 0.000000
Value of variable x19,16: 0.000000
Value of variable x19,17: 0.000000
Value of variable x19,19: 0.500000
Value of variable x19,26: 0.000000
Value of variable x19,27: 0.000000
Value of variable x19,6: 0.000000
Value of variable x19,8: 0.000000
Value of variable x2,15: 0.000000
Value of variable x2,2: 1.000000
Value of variable x2,24: 1.000000
Value of variable x2,4: 0.000000
Value of variable x20,0: 0.000000
Value of variable x20,10: 0.000000
Value of variable x20,14: 0.000000
Value of variable x20,16: 0.000000
Value of variable x20,20: 0.000000
Value of variable x20,23: 0.000000
Value of variable x20,25: 0.000000
Value of variable x20,29: 0.000000
Value of variable x20,3: 0.000000
Value of variable x20,8: 0.000000
Value of variable x21,17: 1.000000
Value of variable x21,18: 0.000000
Value of variable x21,21: 1.000000
Value of variable x21,4: 0.000000
Value of variable x22,11: 0.000000
Value of variable x22,22: 0.000000
Value of variable x22,23: 0.000000
Value of variable x22,25: 0.000000
Value of variable x22,7: 0.000000
Value of variable x22,9: 0.000000
Value of variable x23,1: 0.000000
Value of variable x23,10: 0.000000
Value of variable x23,11: 0.000000
Value of variable x23,20: 0.000000
Value of variable x23,22: 0.000000
Value of variable x23,23: 0.000000
Value of variable x23,5: 0.000000
Value of variable x23,8: 0.000000
Value of variable x24,1: 0.000000
Value of variable x24,2: 0.000000
Value of variable x24,24: 0.000000
Value of variable x24,5: 0.000000
Value of variable x24,9: 0.000000
Value of variable x25,16: 0.000000
Value of variable x25,20: 0.000000
Value of variable x25,22: 0.000000
Value of variable x25,25: 0.000000
Value of variable x25,27: 0.000000
Value of variable x25,28: 0.000000
Value of variable x25,3: 0.000000
Value of variable x25,7: 0.000000
Value of variable x26,11: 0.500000
Value of variable x26,15: 0.000000
Value of variable x26,18: 0.500000
Value of variable x26,19: 0.000000
Value of variable x26,26: 1.000000
Value of variable x26,29: 0.000000
Value of variable x26,4: 0.500000
Value of variable x27,12: 0.000000
Value of variable x27,19: 0.000000
Value of variable x27,25: 0.000000
Value of variable x27,27: 0.000000
Value of variable x27,4: 0.000000
Value of variable x27,5: 0.000000
Value of variable x27,9: 0.000000
Value of variable x28,1: 1.000000
Value of variable x28,14: 1.000000
Value of variable x28,17: 0.000000
Value of variable x28,25: 0.000000
Value of variable x28,28: 1.000000
Value of variable x28,4: 0.000000
Value of variable x28,7: 0.000000
Value of variable x29,0: 1.000000
Value of variable x29,16: 0.000000
Value of variable x29,20: 0.500000
Value of variable x29,26: 0.000000
Value of variable x29,29: 1.000000
Value of variable x29,5: 0.000000
Value of variable x29,9: 0.500000
Value of variable x3,0: 0.000000
Value of variable x3,10: 0.000000
Value of variable x3,11: 0.000000
Value of variable x3,16: 0.000000
Value of variable x3,20: 0.000000
Value of variable x3,25: 0.000000
Value of variable x3,3: 0.000000
Value of variable x3,4: 0.000000
Value of variable x3,6: 0.000000
Value of variable x4,1: 0.000000
Value of variable x4,11: 0.000000
Value of variable x4,2: 0.000000
Value of variable x4,21: 0.000000
Value of variable x4,26: 0.000000
Value of variable x4,27: 0.000000
Value of variable x4,28: 0.000000
Value of variable x4,3: 0.500000
Value of variable x4,4: 0.500000
Value of variable x4,6: 0.500000
Value of variable x4,7: 0.000000
Value of variable x4,8: 0.000000
Value of variable x5,0: 0.000000
Value of variable x5,14: 0.000000
Value of variable x5,16: 0.000000
Value of variable x5,23: 0.500000
Value of variable x5,24: 0.000000
Value of variable x5,27: 0.500000
Value of variable x5,29: 0.000000
Value of variable x5,5: 1.000000
Value of variable x5,8: 0.500000
Value of variable x6,19: 0.000000
Value of variable x6,3: 0.000000
Value of variable x6,4: 0.000000
Value of variable x6,6: 0.500000
Value of variable x6,9: 0.500000
Value of variable x7,22: 1.000000
Value of variable x7,25: 1.000000
Value of variable x7,28: 0.000000
Value of variable x7,4: 0.000000
Value of variable x7,7: 1.000000
Value of variable x7,9: 0.000000
Value of variable x8,0: 0.000000
Value of variable x8,19: 0.000000
Value of variable x8,20: 0.500000
Value of variable x8,23: 0.500000
Value of variable x8,4: 0.000000
Value of variable x8,5: 0.000000
Value of variable x8,8: 0.500000
Value of variable x8,9: 0.000000
Value of variable x9,0: 0.000000
Value of variable x9,11: 0.000000
Value of variable x9,15: 0.000000
Value of variable x9,18: 0.000000
Value of variable x9,22: 0.000000
Value of variable x9,24: 0.000000
Value of variable x9,27: 0.000000
Value of variable x9,29: 0.000000
Value of variable x9,6: 0.000000
Value of variable x9,7: 0.000000
Value of variable x9,8: 0.000000
Value of variable x9,9: 0.000000
